2026-07-02 10:42:09, MOVE, v:1, k:ed@bst_insert, mode:DOWN
2026-07-02 10:42:10, MOVE, v:1, k:ed@bst_insert, mode:PICK
2026-07-02 10:42:09, MOVE, v:1, k:ed@bst_insert, mode:EDIT
2026-07-02 10:44:30, MOVE, v:1, k:ed@bst_insert, mode:EDIT
2026-07-02 10:57:01, MOVE, v:1, k:ed@bst_insert, mode:EDIT
2026-07-02 10:59:17, EXEC, v:1, k:ed@bst_insert, mode:FULL, rate:50, size:90
2026-07-02 10:59:23, MOVE, v:1, k:ed@bst_insert, mode:BACK
2026-07-02 10:59:29, MOVE, v:1, k:ed@bst_insert, mode:PICK
2026-07-02 10:59:15, MOVE, v:1, k:ed@bst_insert, mode:EDIT
2026-07-02 11:06:43, EXEC, v:1, k:ed@bst_insert, mode:FULL, rate:100, size:90
2026-07-02 11:06:44, MOVE, v:1, k:ed@bst_insert, mode:BACK
2026-07-02 11:06:58, SELF, v:1, k:ed@bst_insert, self:1, rate:100, study:30, code:1
2026-07-02 11:06:41, MOVE, v:1, k:ed@bst_insert, mode:EDIT
2026-07-02 11:07:09, MOVE, v:1, k:ed@bst_serial, mode:DOWN
2026-07-02 11:07:26, MOVE, v:1, k:ed@bst_serial, mode:PICK
2026-07-02 11:07:09, MOVE, v:1, k:ed@bst_serial, mode:EDIT
2026-07-02 11:11:18, MOVE, v:1, k:ed@bst_serial, mode:EDIT
2026-07-02 11:15:25, MOVE, v:1, k:ed@bst_serial, mode:BACK
2026-07-02 11:15:32, MOVE, v:1, k:ed@bst_serial, mode:PICK
2026-07-02 11:15:33, EXEC, v:1, k:ed@bst_serial, mode:FULL, rate:0, size:99
2026-07-02 11:15:34, MOVE, v:1, k:ed@bst_serial, mode:BACK
2026-07-02 11:15:12, MOVE, v:1, k:ed@bst_serial, mode:EDIT
