2026-05-04 12:10:42, MOVE, v:1, k:ed@iterador, mode:PICK
2026-05-04 12:14:22, MOVE, v:1, k:ed@iterador, mode:EDIT
2026-05-04 12:19:27, MOVE, v:1, k:ed@iterador, mode:EDIT
2026-05-04 12:24:17, MOVE, v:1, k:ed@iterador, mode:EDIT
2026-05-04 12:29:36, MOVE, v:1, k:ed@iterador, mode:EDIT
2026-05-04 12:30:01, EXEC, v:1, k:ed@iterador, mode:FULL, rate:33, size:96
2026-05-04 12:30:28, MOVE, v:1, k:ed@iterador, mode:EDIT
2026-05-04 12:34:52, EXEC, v:1, k:ed@iterador, mode:FULL, rate:33, size:96
2026-05-04 12:35:58, EXEC, v:1, k:ed@iterador, mode:FULL, rate:66, size:96
2026-05-04 12:39:37, MOVE, v:1, k:ed@iterador, mode:EDIT
2026-05-04 12:41:49, MOVE, v:1, k:ed@iterador, mode:EDIT
2026-05-04 12:48:09, EXEC, v:1, k:ed@iterador, mode:FULL, size:105, fail:COMP
2026-05-04 12:49:37, MOVE, v:1, k:ed@iterador, mode:EDIT
2026-05-04 12:53:03, EXEC, v:1, k:ed@iterador, mode:FULL, size:117, fail:COMP
2026-05-04 12:53:02, MOVE, v:1, k:ed@iterador, mode:EDIT
2026-05-04 12:56:55, MOVE, v:1, k:ed@iterador, mode:EDIT
2026-05-04 13:03:30, EXEC, v:1, k:ed@iterador, mode:FULL, size:105, fail:COMP
2026-05-04 13:03:29, MOVE, v:1, k:ed@iterador, mode:EDIT
2026-05-04 13:06:59, EXEC, v:1, k:ed@iterador, mode:FULL, size:113, fail:COMP
2026-05-04 13:06:58, MOVE, v:1, k:ed@iterador, mode:EDIT
2026-05-04 13:12:42, MOVE, v:1, k:ed@iterador, mode:BACK
2026-05-04 15:49:23, MOVE, v:1, k:ed@editorint, mode:DOWN
2026-05-04 15:49:24, MOVE, v:1, k:ed@editorint, mode:PICK
2026-05-04 15:49:23, MOVE, v:1, k:ed@editorint, mode:EDIT
2026-05-04 15:49:23, MOVE, v:1, k:ed@editorint, mode:EDIT
2026-05-04 15:49:23, MOVE, v:1, k:ed@editorint, mode:EDIT
2026-05-04 15:49:23, MOVE, v:1, k:ed@editorint, mode:EDIT
2026-05-04 15:49:23, MOVE, v:1, k:ed@editorint, mode:EDIT
2026-05-04 15:52:50, MOVE, v:1, k:ed@editorint, mode:BACK
2026-05-04 15:55:18, EXEC, v:1, k:ed@ed-seg-bloco-a-YuriiFags, mode:FREE, size:21
2026-05-04 20:37:55, EXEC, v:1, k:src@go, mode:FREE, size:284
2026-05-04 21:17:21, MOVE, v:1, k:ed@iterador, mode:PICK
2026-05-04 21:21:20, EXEC, v:1, k:ed@iterador, mode:FULL, size:120, fail:COMP
2026-05-04 21:21:11, MOVE, v:1, k:ed@iterador, mode:EDIT
2026-05-04 21:22:09, EXEC, v:1, k:ed@iterador, mode:FULL, rate:100, size:123
2026-05-04 21:22:12, MOVE, v:1, k:ed@iterador, mode:BACK
2026-05-04 21:22:36, SELF, v:1, k:ed@iterador, self:1, rate:100, study:75, code:1
