2026-07-05 10:03:03, MOVE, v:1, k:ed@bst_insert, mode:PICK
2026-07-05 10:04:14, MOVE, v:1, k:ed@bst_insert, mode:BACK
2026-07-05 10:04:37, MOVE, v:1, k:ed@bst_insert, mode:DOWN
2026-07-05 10:04:44, MOVE, v:1, k:ed@bst_insert, mode:PICK
2026-07-05 10:04:37, MOVE, v:1, k:ed@bst_insert, mode:EDIT
2026-07-05 10:06:34, MOVE, v:1, k:ed@bst_insert, mode:EDIT
2026-07-05 10:16:09, EXEC, v:1, k:ed@bst_insert, mode:FULL, size:90, fail:COMP
2026-07-05 10:16:08, MOVE, v:1, k:ed@bst_insert, mode:EDIT
2026-07-05 10:18:27, EXEC, v:1, k:ed@bst_insert, mode:FULL, rate:33, size:90
2026-07-05 10:18:53, EXEC, v:1, k:ed@bst_insert, mode:FULL, rate:33, size:90
2026-07-05 10:19:07, EXEC, v:1, k:ed@bst_insert, mode:FULL, rate:100, size:91
2026-07-05 10:19:10, MOVE, v:1, k:ed@bst_insert, mode:BACK
2026-07-05 10:19:28, SELF, v:1, k:ed@bst_insert, self:1, rate:100, debug:1
2026-07-05 10:19:36, SELF, v:1, k:ed@bst_insert, self:1, rate:100
2026-07-05 10:19:40, SELF, v:1, k:ed@bst_insert, self:1, rate:100, debug:1
2026-07-05 10:20:04, MOVE, v:1, k:ed@arvore-path, mode:DOWN
2026-07-05 10:20:08, MOVE, v:1, k:ed@arvore-path, mode:PICK
2026-07-05 10:19:06, MOVE, v:1, k:ed@bst_insert, mode:EDIT
2026-07-05 10:20:04, MOVE, v:1, k:ed@arvore-path, mode:EDIT
2026-07-05 10:22:36, MOVE, v:1, k:ed@arvore-path, mode:EDIT
2026-07-05 10:30:37, EXEC, v:1, k:ed@arvore-path, mode:FULL, rate:62, size:91
2026-07-05 10:31:00, EXEC, v:1, k:ed@arvore-path, mode:FULL, rate:100, size:91
2026-07-05 10:31:05, MOVE, v:1, k:ed@arvore-path, mode:BACK
2026-07-05 10:31:12, SELF, v:1, k:ed@arvore-path, self:1, rate:100, debug:1
2026-07-05 10:31:34, MOVE, v:1, k:ed@bst_serial, mode:PICK
2026-07-05 10:32:10, MOVE, v:1, k:ed@bst_serial, mode:BACK
2026-07-05 10:32:19, MOVE, v:1, k:ed@bst_serial, mode:DOWN
2026-07-05 10:32:21, MOVE, v:1, k:ed@bst_serial, mode:PICK
2026-07-05 10:30:59, MOVE, v:1, k:ed@arvore-path, mode:EDIT
2026-07-05 10:32:19, MOVE, v:1, k:ed@bst_serial, mode:EDIT
2026-07-05 10:32:44, MOVE, v:1, k:ed@bst_serial, mode:EDIT
2026-07-05 10:36:44, MOVE, v:1, k:ed@bst_serial, mode:EDIT
2026-07-05 10:47:26, EXEC, v:1, k:ed@bst_serial, mode:FULL, size:113, fail:COMP
2026-07-05 10:47:21, MOVE, v:1, k:ed@bst_serial, mode:EDIT
2026-07-05 10:49:50, EXEC, v:1, k:ed@bst_serial, mode:FULL, rate:100, size:116
2026-07-05 10:49:51, MOVE, v:1, k:ed@bst_serial, mode:BACK
2026-07-05 10:50:00, SELF, v:1, k:ed@bst_serial, self:1, rate:100, concept:1, debug:1
2026-07-05 10:50:12, SELF, v:1, k:ed@clonar, self:1, rate:100
2026-07-05 10:50:20, SELF, v:1, k:ed@clonar, self:1, rate:100, problem:1, debug:1
2026-07-05 10:50:36, MOVE, v:1, k:ed@serial, mode:PICK
2026-07-05 10:50:50, MOVE, v:1, k:ed@serial, mode:BACK
2026-07-05 10:51:04, MOVE, v:1, k:ed@serial, mode:DOWN
2026-07-05 10:51:06, MOVE, v:1, k:ed@serial, mode:PICK
2026-07-05 10:49:48, MOVE, v:1, k:ed@bst_serial, mode:EDIT
2026-07-05 10:51:04, MOVE, v:1, k:ed@serial, mode:EDIT
2026-07-05 10:52:44, MOVE, v:1, k:ed@serial, mode:EDIT
2026-07-05 10:53:22, MOVE, v:1, k:ed@serial, mode:EDIT
2026-07-05 11:04:14, EXEC, v:1, k:ed@serial, mode:FULL, size:78, fail:COMP
2026-07-05 11:04:28, EXEC, v:1, k:ed@serial, mode:FULL, rate:100, size:78
2026-07-05 11:04:29, MOVE, v:1, k:ed@serial, mode:BACK
2026-07-05 11:04:44, SELF, v:1, k:ed@serial, self:1, rate:100, debug:1
2026-07-05 11:04:59, SELF, v:1, k:ed@serial, self:1, rate:100, problem:1
2026-07-05 11:05:20, MOVE, v:1, k:ed@clonar, mode:PICK
2026-07-05 11:05:32, MOVE, v:1, k:ed@clonar, mode:BACK
2026-07-05 11:05:47, MOVE, v:1, k:ed@clonar, mode:DOWN
2026-07-05 11:05:47, MOVE, v:1, k:ed@clonar, mode:PICK
2026-07-05 11:04:27, MOVE, v:1, k:ed@serial, mode:EDIT
2026-07-05 11:05:47, MOVE, v:1, k:ed@clonar, mode:EDIT
2026-07-05 11:07:38, MOVE, v:1, k:ed@clonar, mode:EDIT
2026-07-05 11:09:20, MOVE, v:1, k:ed@clonar, mode:EDIT
2026-07-05 11:13:08, EXEC, v:1, k:ed@clonar, mode:FULL, rate:100, size:82
2026-07-05 11:13:09, MOVE, v:1, k:ed@clonar, mode:BACK
2026-07-05 11:13:20, SELF, v:1, k:ed@clonar, self:1, rate:100, problem:1
2026-07-05 11:13:39, SELF, v:1, k:ed@clonar, self:1, rate:100
2026-07-05 11:13:44, SELF, v:1, k:ed@clonar, self:1, rate:100, problem:1
2026-07-05 11:14:09, MOVE, v:1, k:ed@bst_remove, mode:DOWN
2026-07-05 11:14:10, MOVE, v:1, k:ed@bst_remove, mode:PICK
2026-07-05 11:14:11, EXEC, v:1, k:ed@bst_remove, mode:FULL, rate:0, size:79
2026-07-05 11:13:02, MOVE, v:1, k:ed@clonar, mode:EDIT
2026-07-05 11:14:09, MOVE, v:1, k:ed@bst_remove, mode:EDIT
2026-07-05 11:14:09, MOVE, v:1, k:ed@bst_remove, mode:EDIT
2026-07-05 11:22:47, MOVE, v:1, k:ed@bst_remove, mode:EDIT
2026-07-05 11:27:31, MOVE, v:1, k:ed@bst_remove, mode:EDIT
2026-07-05 11:29:17, EXEC, v:1, k:ed@bst_remove, mode:FULL, rate:100, size:128
2026-07-05 11:29:27, MOVE, v:1, k:ed@bst_remove, mode:BACK
2026-07-05 11:29:44, SELF, v:1, k:ed@bst_remove, self:1, rate:100, study:57, problem:1, refactor:1
2026-07-05 11:30:10, SELF, v:1, k:ed@bst_remove, self:1, rate:100, study:57, problem:1, refactor:1
2026-07-05 11:30:31, SELF, v:1, k:ed@bst_remove, self:1, rate:100, debug:1, refactor:1
2026-07-05 11:30:50, SELF, v:1, k:ed@bst_remove, self:1, rate:100, problem:1, debug:1, refactor:1
2026-07-05 11:31:00, SELF, v:1, k:ed@bst_serial, self:1, rate:100, concept:1, problem:1, debug:1, refactor:1
2026-07-05 11:31:00, MOVE, v:1, k:ed@bst_serial, mode:PICK
2026-07-05 11:31:01, MOVE, v:1, k:ed@bst_serial, mode:BACK
2026-07-05 11:31:22, SELF, v:1, k:ed@altura, self:1, rate:100, concept:1, problem:1
2026-07-05 11:31:29, SELF, v:1, k:ed@soma, self:1, rate:100, problem:1, refactor:1
2026-07-05 11:31:43, SELF, v:1, k:ed@compare, self:1, rate:100, debug:1, refactor:1
2026-07-05 11:31:57, SELF, v:1, k:ed@bst_serial, self:1, rate:100, concept:1, debug:1, refactor:1
