2026-05-16 10:07:43, MOVE, v:1, k:ed@ilhas, mode:DOWN
2026-05-16 10:07:44, MOVE, v:1, k:ed@ilhas, mode:PICK
2026-05-16 10:07:43, MOVE, v:1, k:ed@ilhas, mode:EDIT
2026-05-16 10:07:43, MOVE, v:1, k:ed@ilhas, mode:EDIT
2026-05-16 10:07:43, MOVE, v:1, k:ed@ilhas, mode:EDIT
2026-05-16 10:24:51, MOVE, v:1, k:ed@ilhas, mode:EDIT
2026-05-16 10:27:29, MOVE, v:1, k:ed@ilhas, mode:EDIT
2026-05-16 10:35:07, MOVE, v:1, k:ed@ilhas, mode:EDIT
2026-05-16 10:37:58, EXEC, v:1, k:ed@ilhas, mode:FULL, rate:0, size:61
2026-05-16 10:38:32, EXEC, v:1, k:ed@ilhas, mode:FULL, rate:50, size:61
2026-05-16 10:38:30, MOVE, v:1, k:ed@ilhas, mode:EDIT
2026-05-16 10:41:13, EXEC, v:1, k:ed@ilhas, mode:FULL, rate:100, size:61
2026-05-16 10:41:48, MOVE, v:1, k:ed@ilhas, mode:BACK
2026-05-16 10:42:15, SELF, v:1, k:ed@ilhas, self:1, rate:100, study:45, concept:1, debug:1
2026-05-16 10:42:27, MOVE, v:1, k:ed@cercado, mode:DOWN
2026-05-16 10:42:28, MOVE, v:1, k:ed@cercado, mode:PICK
2026-05-16 10:41:11, MOVE, v:1, k:ed@ilhas, mode:EDIT
2026-05-16 10:42:27, MOVE, v:1, k:ed@cercado, mode:EDIT
2026-05-16 10:42:27, MOVE, v:1, k:ed@cercado, mode:EDIT
2026-05-16 10:42:27, MOVE, v:1, k:ed@cercado, mode:EDIT
2026-05-16 11:05:09, MOVE, v:1, k:ed@cercado, mode:EDIT
2026-05-16 11:09:52, MOVE, v:1, k:ed@cercado, mode:EDIT
