2026-07-06 09:45:48, MOVE, v:1, k:ed@pilhado, mode:PICK
2026-07-06 09:46:32, MOVE, v:1, k:ed@pilhado, mode:BACK
2026-07-06 09:46:51, MOVE, v:1, k:ed@pilhado, mode:DOWN
2026-07-06 09:46:53, MOVE, v:1, k:ed@pilhado, mode:PICK
2026-07-06 09:46:51, MOVE, v:1, k:ed@pilhado, mode:EDIT
2026-07-06 09:46:51, MOVE, v:1, k:ed@pilhado, mode:EDIT
2026-07-06 09:50:28, MOVE, v:1, k:ed@pilhado, mode:EDIT
2026-07-06 09:55:27, MOVE, v:1, k:ed@pilhado, mode:EDIT
2026-07-06 09:57:34, EXEC, v:1, k:ed@pilhado, mode:FULL, size:106, fail:COMP
2026-07-06 10:00:27, MOVE, v:1, k:ed@pilhado, mode:EDIT
2026-07-06 10:05:28, MOVE, v:1, k:ed@pilhado, mode:EDIT
2026-07-06 10:05:43, EXEC, v:1, k:ed@pilhado, mode:FULL, size:153, fail:COMP
2026-07-06 10:06:01, EXEC, v:1, k:ed@pilhado, mode:FULL, size:153, fail:COMP
2026-07-06 10:06:13, EXEC, v:1, k:ed@pilhado, mode:FULL, rate:0, size:153
2026-07-06 10:06:55, EXEC, v:1, k:ed@pilhado, mode:FULL, rate:0, size:153
2026-07-06 10:08:39, EXEC, v:1, k:ed@pilhado, mode:FULL, rate:0, size:153
2026-07-06 10:09:02, EXEC, v:1, k:ed@pilhado, mode:FULL, rate:0, size:153
2026-07-06 10:08:59, MOVE, v:1, k:ed@pilhado, mode:EDIT
2026-07-06 10:10:47, EXEC, v:1, k:ed@pilhado, mode:FULL, rate:0, size:151
2026-07-06 10:11:57, EXEC, v:1, k:ed@pilhado, mode:FULL, rate:0, size:153
2026-07-06 10:14:04, EXEC, v:1, k:ed@pilhado, mode:FULL, rate:0
2026-07-06 10:11:53, MOVE, v:1, k:ed@pilhado, mode:EDIT
2026-07-06 10:15:59, EXEC, v:1, k:ed@pilhado, mode:FULL, rate:0, size:158
2026-07-06 10:17:05, EXEC, v:1, k:ed@pilhado, mode:FULL, rate:0, size:164
2026-07-06 10:18:16, EXEC, v:1, k:ed@pilhado, mode:FULL, rate:0, size:164
2026-07-06 10:19:00, EXEC, v:1, k:ed@pilhado, mode:FULL, rate:100, size:162
2026-07-06 10:19:08, MOVE, v:1, k:ed@pilhado, mode:BACK
2026-07-06 10:19:30, SELF, v:1, k:ed@pilhado, self:1, rate:100, study:75, debug:1
2026-07-06 14:00:45, MOVE, v:1, k:ed@subset_sum, mode:PICK
2026-07-06 14:01:43, MOVE, v:1, k:ed@subset_sum, mode:BACK
2026-07-06 14:01:59, MOVE, v:1, k:ed@subset_sum, mode:DOWN
2026-07-06 14:02:01, MOVE, v:1, k:ed@subset_sum, mode:PICK
2026-07-06 14:01:59, MOVE, v:1, k:ed@subset_sum, mode:EDIT
2026-07-06 14:05:15, MOVE, v:1, k:ed@subset_sum, mode:EDIT
2026-07-06 14:10:36, MOVE, v:1, k:ed@subset_sum, mode:EDIT
2026-07-06 21:09:16, MOVE, v:1, k:ed@subset_sum, mode:PICK
2026-07-06 21:11:12, EXEC, v:1, k:ed@subset_sum, mode:FULL, size:48, fail:COMP
2026-07-06 21:11:20, EXEC, v:1, k:ed@subset_sum, mode:FULL, rate:0, size:48
2026-07-06 21:11:40, EXEC, v:1, k:ed@subset_sum, mode:FULL, rate:100, size:48
2026-07-06 21:11:41, MOVE, v:1, k:ed@subset_sum, mode:BACK
2026-07-06 21:11:58, SELF, v:1, k:ed@subset_sum, self:1, rate:100, study:45, problem:1, debug:1
2026-07-06 21:12:17, SELF, v:1, k:ed@distancia, self:1, rate:100, problem:1, debug:1
2026-07-06 21:12:25, SELF, v:1, k:ed@distancia, self:1, rate:100, code:1
2026-07-06 21:12:59, MOVE, v:1, k:ed@distancia, mode:PICK
2026-07-06 21:11:38, MOVE, v:1, k:ed@subset_sum, mode:EDIT
2026-07-06 21:13:26, MOVE, v:1, k:ed@distancia, mode:EDIT
2026-07-06 21:13:51, MOVE, v:1, k:ed@distancia, mode:BACK
2026-07-06 21:14:02, MOVE, v:1, k:ed@distancia, mode:DOWN
2026-07-06 21:14:03, MOVE, v:1, k:ed@distancia, mode:PICK
2026-07-06 21:15:16, MOVE, v:1, k:ed@distancia, mode:BACK
2026-07-06 21:15:48, MOVE, v:1, k:ed@distancia, mode:PICK
2026-07-06 21:14:02, MOVE, v:1, k:ed@distancia, mode:EDIT
2026-07-06 21:18:43, MOVE, v:1, k:ed@distancia, mode:EDIT
2026-07-06 21:23:49, MOVE, v:1, k:ed@distancia, mode:EDIT
2026-07-06 21:25:53, EXEC, v:1, k:ed@distancia, mode:FULL, size:65, fail:COMP
2026-07-06 21:26:00, EXEC, v:1, k:ed@distancia, mode:FULL, rate:100, size:65
2026-07-06 21:26:01, MOVE, v:1, k:ed@distancia, mode:BACK
2026-07-06 21:26:08, SELF, v:1, k:ed@distancia, self:1, rate:100, problem:1, debug:1
2026-07-06 21:26:30, SELF, v:1, k:ed@wordsearch, self:1, rate:100, concept:1, problem:1
2026-07-06 21:26:35, SELF, v:1, k:ed@wordsearch, self:1, rate:100, concept:1, problem:1, debug:1
2026-07-06 21:26:43, SELF, v:1, k:ed@wordsearch, self:1, rate:100, concept:1
2026-07-06 21:26:49, SELF, v:1, k:ed@wordsearch, self:1, rate:100, concept:1, debug:1
2026-07-06 21:26:56, SELF, v:1, k:ed@wordsearch, self:1, rate:100, concept:1, problem:1, debug:1
2026-07-06 21:27:41, SELF, v:1, k:ed@lista_d1, self:1, rate:100, concept:1, problem:1, debug:1
2026-07-06 21:27:47, SELF, v:1, k:ed@lista_d2, self:1, rate:100, problem:1, debug:1
2026-07-06 21:27:57, SELF, v:1, k:ed@lista_d2, self:1, rate:100, code:1
2026-07-06 21:28:08, SELF, v:1, k:ed@lista_d1, self:1, rate:100, concept:1, code:1
2026-07-06 21:28:39, SELF, v:1, k:ed@iterador, self:1, rate:100, problem:1, debug:1
2026-07-06 21:28:46, SELF, v:1, k:ed@iterador, self:1, rate:100, code:1
2026-07-06 21:25:59, MOVE, v:1, k:ed@distancia, mode:EDIT
2026-07-06 21:30:21, MOVE, v:1, k:ed@balanceada, mode:DOWN
2026-07-06 21:30:21, MOVE, v:1, k:ed@balanceada, mode:PICK
2026-07-06 21:30:31, MOVE, v:1, k:ed@balanceada, mode:BACK
2026-07-06 21:30:40, MOVE, v:1, k:ed@balanceada, mode:PICK
2026-07-06 21:30:21, MOVE, v:1, k:ed@balanceada, mode:EDIT
2026-07-06 21:30:21, MOVE, v:1, k:ed@balanceada, mode:EDIT
2026-07-06 21:53:52, MOVE, v:1, k:ed@balanceada, mode:EDIT
2026-07-06 21:54:40, EXEC, v:1, k:ed@balanceada, mode:FULL, rate:50, size:36
2026-07-06 21:54:50, EXEC, v:1, k:ed@balanceada, mode:FULL, rate:100, size:36
2026-07-06 21:54:54, MOVE, v:1, k:ed@balanceada, mode:BACK
2026-07-06 21:55:19, SELF, v:1, k:ed@balanceada, self:1, rate:100, problem:1, debug:1
2026-07-06 21:55:22, MOVE, v:1, k:ed@balanceada, mode:PICK
2026-07-06 21:54:49, MOVE, v:1, k:ed@balanceada, mode:EDIT
2026-07-06 22:04:38, EXEC, v:1, k:ed@balanceada, mode:FULL, rate:100
2026-07-06 22:04:38, MOVE, v:1, k:ed@balanceada, mode:BACK
2026-07-06 22:04:41, MOVE, v:1, k:ed@balanceada, mode:PICK
2026-07-06 22:04:54, MOVE, v:1, k:ed@balanceada, mode:EDIT
2026-07-06 22:13:47, MOVE, v:1, k:ed@balanceada, mode:BACK
2026-07-06 22:14:37, SELF, v:1, k:ed@caminhao, self:1, problem:1
2026-07-06 22:14:42, MOVE, v:1, k:ed@caminhao, mode:DOWN
2026-07-06 22:14:43, MOVE, v:1, k:ed@caminhao, mode:PICK
2026-07-06 22:14:00, MOVE, v:1, k:ed@balanceada, mode:EDIT
2026-07-06 22:14:42, MOVE, v:1, k:ed@caminhao, mode:EDIT
2026-07-06 22:14:42, MOVE, v:1, k:ed@caminhao, mode:EDIT
2026-07-06 22:32:06, MOVE, v:1, k:ed@caminhao, mode:EDIT
2026-07-06 22:40:28, EXEC, v:1, k:ed@caminhao, mode:FULL, rate:100, size:30
2026-07-06 22:40:29, MOVE, v:1, k:ed@caminhao, mode:BACK
2026-07-06 22:41:19, MOVE, v:1, k:ed@longest, mode:PICK
2026-07-06 22:41:40, MOVE, v:1, k:ed@longest, mode:BACK
2026-07-06 22:41:47, MOVE, v:1, k:ed@longest, mode:DOWN
2026-07-06 22:41:54, MOVE, v:1, k:ed@longest, mode:PICK
2026-07-06 22:41:47, MOVE, v:1, k:ed@longest, mode:EDIT
2026-07-06 22:45:38, MOVE, v:1, k:ed@longest, mode:EDIT
2026-07-06 22:50:08, MOVE, v:1, k:ed@longest, mode:EDIT
2026-07-06 22:56:51, MOVE, v:1, k:ed@longest, mode:BACK
2026-07-06 22:56:56, MOVE, v:1, k:ed@longest, mode:PICK
2026-07-06 22:56:57, EXEC, v:1, k:ed@longest, mode:FULL, size:90, fail:COMP
2026-07-06 22:57:09, EXEC, v:1, k:ed@longest, mode:FULL, rate:100, size:90
2026-07-06 22:57:14, MOVE, v:1, k:ed@longest, mode:BACK
2026-07-06 22:57:20, SELF, v:1, k:ed@longest, self:1, rate:100, problem:1, debug:1
2026-07-06 22:57:27, SELF, v:1, k:ed@longest, self:1, rate:100, debug:1
2026-07-06 22:57:43, MOVE, v:1, k:ed@battleship, mode:DOWN
2026-07-06 22:57:44, MOVE, v:1, k:ed@battleship, mode:PICK
2026-07-06 22:57:08, MOVE, v:1, k:ed@longest, mode:EDIT
2026-07-06 22:57:43, MOVE, v:1, k:ed@battleship, mode:EDIT
2026-07-06 22:57:43, MOVE, v:1, k:ed@battleship, mode:EDIT
2026-07-06 23:35:43, MOVE, v:1, k:ed@battleship, mode:EDIT
2026-07-06 23:38:04, EXEC, v:1, k:ed@battleship, mode:FULL, size:51, fail:COMP
2026-07-06 23:38:17, EXEC, v:1, k:ed@battleship, mode:FULL, rate:100, size:50
2026-07-06 23:38:18, MOVE, v:1, k:ed@battleship, mode:BACK
2026-07-06 23:38:24, SELF, v:1, k:ed@battleship, self:1, rate:100, debug:1
