2026-07-04 10:21:38, SELF, v:1, k:ed@clonar, self:1, rate:100, study:31, problem:1, debug:1
2026-07-04 10:21:53, SELF, v:1, k:ed@altura, self:1, rate:100, study:35, concept:1, problem:1, debug:1
2026-07-04 10:22:02, SELF, v:1, k:ed@compare, self:1, rate:100, study:30, problem:1, debug:1
2026-07-04 10:22:08, SELF, v:1, k:ed@arvore-path, self:1, rate:100, study:45, code:1
2026-07-04 10:22:17, MOVE, v:1, k:ed@bst_serial, mode:PICK
2026-07-04 10:22:24, EXEC, v:1, k:ed@bst_serial, mode:FULL, rate:0
2026-07-04 10:24:32, MOVE, v:1, k:ed@bst_serial, mode:EDIT
2026-07-04 10:33:49, MOVE, v:1, k:ed@bst_serial, mode:BACK
2026-07-04 10:34:01, MOVE, v:1, k:ed@bst_serial, mode:PICK
2026-07-04 10:34:47, EXEC, v:1, k:ed@bst_serial, mode:FULL, size:110, fail:COMP
2026-07-04 10:38:29, MOVE, v:1, k:ed@bst_serial, mode:BACK
2026-07-04 10:38:38, MOVE, v:1, k:ed@bst_serial, mode:PICK
2026-07-04 10:48:47, MOVE, v:1, k:ed@bst_serial, mode:PICK
2026-07-04 10:48:48, EXEC, v:1, k:ed@bst_serial, mode:FULL, fail:COMP
2026-07-04 11:00:08, MOVE, v:1, k:ed@bst_serial, mode:BACK
2026-07-04 11:00:11, MOVE, v:1, k:ed@bst_serial, mode:PICK
2026-07-04 11:08:14, MOVE, v:1, k:ed@bst_serial, mode:BACK
2026-07-04 11:08:27, MOVE, v:1, k:ed@bst_serial, mode:PICK
2026-07-04 11:09:20, EXEC, v:1, k:ed@bst_serial, mode:FULL, rate:66, size:111
2026-07-04 11:11:03, EXEC, v:1, k:ed@bst_serial, mode:FULL, rate:100, size:115
2026-07-04 11:11:08, MOVE, v:1, k:ed@bst_serial, mode:BACK
2026-07-04 11:11:19, SELF, v:1, k:ed@bst_serial, self:1, rate:100, study:60, concept:1, code:1
2026-07-04 11:11:36, SELF, v:1, k:ed@arvore-path, self:1, rate:100, study:37, code:1
2026-07-04 11:11:43, SELF, v:1, k:ed@bst_insert, self:1, rate:100, study:40, code:1
2026-07-04 11:11:58, SELF, v:1, k:ed@clonar, self:1, rate:100, study:33, problem:1, debug:1
2026-07-04 11:12:44, SELF, v:1, k:ed@arvore-path, self:1, rate:100
2026-07-04 11:12:49, SELF, v:1, k:ed@arvore-path, self:1, rate:100, code:1
2026-07-04 20:57:53, SELF, v:1, k:ed@bst_insert, self:1, rate:100, study:38, code:1
2026-07-04 20:58:02, SELF, v:1, k:ed@arvore-path, self:1, rate:100, study:37, code:1
2026-07-04 20:58:59, SELF, v:1, k:ed@bst_serial, self:1, rate:100, concept:1, debug:1
2026-07-04 20:59:07, SELF, v:1, k:ed@bst_insert, self:1, rate:100, study:38, debug:1
2026-07-04 20:59:12, SELF, v:1, k:ed@arvore-path, self:1, rate:100, study:37, debug:1
2026-07-04 20:59:22, SELF, v:1, k:ed@bst_serial, self:1, rate:100, concept:1, code:1
2026-07-04 20:59:26, SELF, v:1, k:ed@bst_insert, self:1, rate:100, study:38, code:1
2026-07-04 20:59:30, SELF, v:1, k:ed@arvore-path, self:1, rate:100, study:37, code:1
