2026-05-23 08:41:35, MOVE, v:1, k:ed@subset_sum, mode:PICK
2026-05-23 09:01:10, MOVE, v:1, k:ed@subset_sum, mode:PICK
2026-05-23 09:01:21, EXEC, v:1, k:ed@subset_sum, mode:FULL, rate:25, size:64
2026-05-23 09:01:23, MOVE, v:1, k:ed@subset_sum, mode:BACK
2026-05-23 09:01:27, MOVE, v:1, k:ed@subset_sum, mode:PICK
2026-05-23 09:01:19, MOVE, v:1, k:ed@subset_sum, mode:EDIT
2026-05-23 09:22:38, EXEC, v:1, k:ed@subset_sum, mode:FULL, rate:25
2026-05-23 09:22:40, MOVE, v:1, k:ed@subset_sum, mode:BACK
2026-05-23 09:22:43, MOVE, v:1, k:ed@subset_sum, mode:PICK
2026-05-23 09:22:55, EXEC, v:1, k:ed@subset_sum, mode:FULL, rate:100, size:64
2026-05-23 09:22:56, MOVE, v:1, k:ed@subset_sum, mode:BACK
2026-05-23 09:23:16, SELF, v:1, k:ed@subset_sum, self:1, rate:100, study:73, problem:1, code:1
2026-05-23 09:23:26, SELF, v:1, k:ed@subset_sum, self:1, rate:100, study:73, code:1
2026-05-23 09:23:49, SELF, v:1, k:ed@wordsearch, self:1, rate:100, study:56, concept:1, problem:1, debug:1
2026-05-23 09:24:12, MOVE, v:1, k:ed@distancia, mode:DOWN
2026-05-23 09:24:13, MOVE, v:1, k:ed@distancia, mode:PICK
2026-05-23 09:22:48, MOVE, v:1, k:ed@subset_sum, mode:EDIT
2026-05-23 09:24:12, MOVE, v:1, k:ed@distancia, mode:EDIT
2026-05-23 09:24:12, MOVE, v:1, k:ed@distancia, mode:EDIT
2026-05-23 09:24:12, MOVE, v:1, k:ed@distancia, mode:EDIT
2026-05-23 09:25:13, MOVE, v:1, k:ed@distancia, mode:EDIT
2026-05-23 09:45:00, EXEC, v:1, k:ed@distancia, mode:FULL, size:87, fail:COMP
2026-05-23 19:52:24, MOVE, v:1, k:ed@distancia, mode:PICK
2026-05-23 19:55:17, EXEC, v:1, k:ed@distancia, mode:FULL, size:177, fail:COMP
2026-05-23 19:56:18, MOVE, v:1, k:ed@distancia, mode:EDIT
2026-05-23 19:56:57, EXEC, v:1, k:ed@distancia, mode:FULL, rate:100, size:168
2026-05-23 19:57:00, MOVE, v:1, k:ed@distancia, mode:BACK
2026-05-23 19:57:43, MOVE, v:1, k:ed@distancia, mode:PICK
2026-05-23 19:57:44, EXEC, v:1, k:ed@distancia, mode:FULL, rate:100, size:168
2026-05-23 19:57:59, EXEC, v:1, k:ed@distancia, mode:FULL, rate:100, size:168
2026-05-23 19:58:03, MOVE, v:1, k:ed@distancia, mode:EDIT
2026-05-23 20:02:50, EXEC, v:1, k:ed@distancia, mode:FULL, rate:100, size:168
2026-05-23 20:03:09, MOVE, v:1, k:ed@distancia, mode:EDIT
2026-05-23 20:23:13, MOVE, v:1, k:ed@distancia, mode:BACK
2026-05-23 20:23:23, MOVE, v:1, k:ed@distancia, mode:PICK
2026-05-23 20:23:25, MOVE, v:1, k:ed@distancia, mode:BACK
2026-05-23 20:23:43, MOVE, v:1, k:ed@distancia, mode:PICK
2026-05-23 20:35:34, MOVE, v:1, k:ed@distancia, mode:BACK
2026-05-23 20:35:56, SELF, v:1, k:ed@distancia, self:1, rate:100, study:60, problem:1, code:1
2026-05-23 20:36:04, SELF, v:1, k:ed@distancia, self:1, rate:100, study:60, code:1
2026-05-23 20:36:30, SELF, v:1, k:ed@distancia, self:1, rate:100, study:60, problem:1, debug:1
