2026-05-29 13:11:25, MOVE, v:1, k:ed@sudoku, mode:DOWN
2026-05-29 13:11:26, MOVE, v:1, k:ed@sudoku, mode:PICK
2026-05-29 13:15:41, EXEC, v:1, k:ed@sudoku, mode:FULL, rate:0, size:5
2026-05-29 13:11:25, MOVE, v:1, k:ed@sudoku, mode:EDIT
2026-05-29 13:11:25, MOVE, v:1, k:ed@sudoku, mode:EDIT
2026-05-29 13:24:25, EXEC, v:1, k:ed@sudoku, mode:FULL, rate:0, size:105
2026-05-29 13:24:23, MOVE, v:1, k:ed@sudoku, mode:EDIT
2026-05-29 13:49:14, MOVE, v:1, k:ed@sudoku, mode:BACK
2026-05-29 13:49:21, MOVE, v:1, k:ed@sudoku, mode:PICK
2026-05-29 13:49:23, MOVE, v:1, k:ed@sudoku, mode:BACK
2026-05-29 13:49:29, MOVE, v:1, k:ed@sudoku, mode:PICK
2026-05-29 13:53:53, MOVE, v:1, k:ed@sudoku, mode:BACK
2026-05-29 13:53:56, MOVE, v:1, k:ed@sudoku, mode:PICK
2026-05-29 13:53:59, EXEC, v:1, k:ed@sudoku, mode:FULL, size:105, fail:COMP
2026-05-29 14:01:57, MOVE, v:1, k:ed@sudoku, mode:BACK
2026-05-29 14:02:01, MOVE, v:1, k:ed@sudoku, mode:PICK
2026-05-29 14:02:02, EXEC, v:1, k:ed@sudoku, mode:FULL, fail:COMP
2026-05-29 14:02:03, MOVE, v:1, k:ed@sudoku, mode:BACK
2026-05-29 14:02:05, MOVE, v:1, k:ed@sudoku, mode:PICK
2026-05-29 14:02:10, MOVE, v:1, k:ed@sudoku, mode:BACK
2026-05-29 14:02:28, MOVE, v:1, k:ed@sudoku, mode:PICK
2026-05-29 14:09:27, MOVE, v:1, k:ed@sudoku, mode:BACK
2026-05-29 14:09:27, MOVE, v:1, k:ed@sudoku, mode:PICK
2026-05-29 14:25:44, MOVE, v:1, k:ed@sudoku, mode:BACK
2026-05-29 14:25:48, MOVE, v:1, k:ed@sudoku, mode:PICK
2026-05-29 14:25:50, EXEC, v:1, k:ed@sudoku, mode:FULL, fail:COMP
2026-05-29 14:25:51, MOVE, v:1, k:ed@sudoku, mode:BACK
2026-05-29 14:25:59, MOVE, v:1, k:ed@sudoku, mode:PICK
2026-05-29 14:26:01, EXEC, v:1, k:ed@sudoku, mode:FULL, rate:100, size:105
2026-05-29 14:26:02, MOVE, v:1, k:ed@sudoku, mode:BACK
2026-05-29 14:26:20, SELF, v:1, k:ed@sudoku, self:1, rate:100, study:70, problem:1, debug:1
