2026-06-24 10:31:29, MOVE, v:1, k:ed@alternando, mode:DOWN
2026-06-24 10:31:30, MOVE, v:1, k:ed@alternando, mode:PICK
2026-06-24 10:31:59, MOVE, v:1, k:ed@alternando, mode:BACK
2026-06-24 10:32:06, MOVE, v:1, k:ed@alternando, mode:PICK
2026-06-24 10:35:48, MOVE, v:1, k:ed@alternando, mode:BACK
2026-06-24 10:31:29, MOVE, v:1, k:ed@alternando, mode:EDIT
2026-06-24 10:31:29, MOVE, v:1, k:ed@alternando, mode:EDIT
2026-06-24 10:36:38, MOVE, v:1, k:ed@hex, mode:DOWN
2026-06-24 10:36:40, MOVE, v:1, k:ed@hex, mode:PICK
2026-06-24 10:37:15, MOVE, v:1, k:ed@hex, mode:BACK
2026-06-24 10:37:35, MOVE, v:1, k:ed@fila_enc, mode:DOWN
2026-06-24 10:37:35, MOVE, v:1, k:ed@fila_enc, mode:PICK
2026-06-24 10:36:38, MOVE, v:1, k:ed@hex, mode:EDIT
2026-06-24 10:37:35, MOVE, v:1, k:ed@fila_enc, mode:EDIT
2026-06-24 10:41:07, MOVE, v:1, k:ed@fila_enc, mode:EDIT
2026-06-24 10:43:41, EXEC, v:1, k:ed@fila_enc, mode:FULL, size:96, fail:COMP
2026-06-24 10:46:15, MOVE, v:1, k:ed@fila_enc, mode:EDIT
2026-06-24 10:47:59, EXEC, v:1, k:ed@fila_enc, mode:FULL, rate:33, size:98
2026-06-24 10:49:16, MOVE, v:1, k:ed@fila_enc, mode:EDIT
2026-06-24 10:53:47, EXEC, v:1, k:ed@fila_enc, mode:FULL, rate:66, size:112
2026-06-24 10:56:13, MOVE, v:1, k:ed@fila_enc, mode:EDIT
2026-06-24 10:57:22, EXEC, v:1, k:ed@fila_enc, mode:FULL, rate:100, size:123
2026-06-24 10:57:42, MOVE, v:1, k:ed@fila_enc, mode:BACK
2026-06-24 10:57:55, MOVE, v:1, k:ed@fila_enc, mode:PICK
2026-06-24 10:58:24, MOVE, v:1, k:ed@fila_enc, mode:BACK
2026-06-24 10:58:27, MOVE, v:1, k:ed@fila_enc, mode:PICK
2026-06-24 10:58:29, EXEC, v:1, k:ed@fila_enc, mode:FULL, rate:100
2026-06-24 10:58:30, MOVE, v:1, k:ed@fila_enc, mode:BACK
2026-06-24 10:58:43, SELF, v:1, k:ed@fila_enc, self:1, rate:100, study:35, concept:1, debug:1
2026-06-24 10:58:43, MOVE, v:1, k:ed@fila_enc, mode:PICK
2026-06-24 10:58:44, MOVE, v:1, k:ed@fila_enc, mode:BACK
2026-06-24 10:59:20, SELF, v:1, k:ed@fila_enc, self:1, rate:100, concept:1
2026-06-24 10:59:25, SELF, v:1, k:ed@fila_enc, self:1, rate:100, concept:1, debug:1
2026-06-24 10:59:27, MOVE, v:1, k:ed@pilha, mode:DOWN
2026-06-24 10:59:28, MOVE, v:1, k:ed@pilha, mode:PICK
2026-06-24 10:59:27, MOVE, v:1, k:ed@pilha, mode:EDIT
2026-06-24 10:59:27, MOVE, v:1, k:ed@pilha, mode:EDIT
2026-06-24 11:09:00, MOVE, v:1, k:ed@pilha, mode:EDIT
2026-06-24 11:11:12, EXEC, v:1, k:ed@pilha, mode:FULL, size:98, fail:COMP
2026-06-24 11:11:24, EXEC, v:1, k:ed@pilha, mode:FULL, size:98, fail:COMP
2026-06-24 11:14:00, MOVE, v:1, k:ed@pilha, mode:EDIT
2026-06-24 11:14:09, EXEC, v:1, k:ed@pilha, mode:FULL, size:110, fail:COMP
2026-06-24 11:15:58, EXEC, v:1, k:ed@pilha, mode:FULL, size:112, fail:COMP
2026-06-24 11:18:59, MOVE, v:1, k:ed@pilha, mode:EDIT
2026-06-24 11:21:37, EXEC, v:1, k:ed@pilha, mode:FULL, size:123, fail:COMP
2026-06-24 11:23:14, EXEC, v:1, k:ed@pilha, mode:FULL, size:128, fail:COMP
2026-06-24 11:23:27, EXEC, v:1, k:ed@pilha, mode:FULL, rate:0, size:129
2026-06-24 11:23:26, MOVE, v:1, k:ed@pilha, mode:EDIT
2026-06-24 11:24:28, EXEC, v:1, k:ed@pilha, mode:FULL, rate:0, size:129
2026-06-24 11:28:04, EXEC, v:1, k:ed@pilha, mode:FULL, size:126, fail:COMP
2026-06-24 11:28:22, EXEC, v:1, k:ed@pilha, mode:FULL, size:126, fail:COMP
2026-06-24 11:28:45, EXEC, v:1, k:ed@pilha, mode:FULL, rate:0, size:126
2026-06-24 11:28:44, MOVE, v:1, k:ed@pilha, mode:EDIT
2026-06-24 11:29:11, EXEC, v:1, k:ed@pilha, mode:FULL, rate:100, size:126
2026-06-24 11:29:24, MOVE, v:1, k:ed@pilha, mode:BACK
2026-06-24 11:29:31, MOVE, v:1, k:ed@pilha, mode:PICK
2026-06-24 11:29:32, MOVE, v:1, k:ed@pilha, mode:BACK
2026-06-24 11:29:48, SELF, v:1, k:ed@pilha, self:1, rate:100, study:40, concept:1, code:1
2026-06-24 11:29:59, SELF, v:1, k:ed@pilha, self:1, rate:100, study:40, concept:1, debug:1
2026-06-24 11:30:07, SELF, v:1, k:ed@pilha, self:1, rate:100, study:40, concept:1, problem:1, debug:1
2026-06-24 12:08:13, MOVE, v:1, k:ed@pilha, mode:PICK
2026-06-24 12:17:59, MOVE, v:1, k:ed@pilha, mode:BACK
2026-06-24 12:19:08, SELF, v:1, k:ed@iterador, self:1, rate:100, study:110, debug:1
2026-06-24 12:19:16, SELF, v:1, k:ed@iterador, self:1, rate:100, study:110, code:1
2026-06-24 12:19:53, SELF, v:1, k:ed@treinando, self:1, rate:100, study:60, friend:Matheus, debug:1
2026-06-24 12:20:03, SELF, v:1, k:ed@triangulo, self:1, rate:100, concept:1, code:1, debug:1
