2026-06-22 17:34:24, MOVE, v:1, k:ed@especiais, mode:PICK
2026-06-22 17:37:58, MOVE, v:1, k:ed@especiais, mode:EDIT
2026-06-22 17:41:51, MOVE, v:1, k:ed@especiais, mode:EDIT
2026-06-22 18:01:31, EXEC, v:1, k:ed@especiais, mode:FULL, rate:12, size:161
2026-06-22 18:01:21, MOVE, v:1, k:ed@especiais, mode:EDIT
2026-06-22 18:09:07, MOVE, v:1, k:ed@especiais, mode:EDIT
2026-06-22 18:10:43, EXEC, v:1, k:ed@especiais, mode:FULL, size:176, fail:COMP
2026-06-22 18:11:19, EXEC, v:1, k:ed@especiais, mode:FULL, rate:25, size:177
2026-06-22 18:11:06, MOVE, v:1, k:ed@especiais, mode:EDIT
2026-06-22 18:15:24, MOVE, v:1, k:ed@especiais, mode:EDIT
2026-06-22 18:21:40, EXEC, v:1, k:ed@especiais, mode:FULL, rate:37, size:188
2026-06-22 18:22:12, MOVE, v:1, k:ed@especiais, mode:BACK
2026-06-22 18:22:18, MOVE, v:1, k:ed@especiais, mode:PICK
2026-06-22 18:22:21, MOVE, v:1, k:ed@especiais, mode:BACK
2026-06-22 18:21:38, MOVE, v:1, k:ed@especiais, mode:EDIT
2026-06-22 18:25:35, MOVE, v:1, k:ed@especiais, mode:PICK
2026-06-22 18:25:42, EXEC, v:1, k:ed@especiais, mode:FULL, size:187, fail:COMP
2026-06-22 18:25:46, EXEC, v:1, k:ed@especiais, mode:FREE
2026-06-22 18:28:54, EXEC, v:1, k:ed@especiais, mode:FULL, rate:50, size:205
2026-06-22 18:28:48, MOVE, v:1, k:ed@especiais, mode:EDIT
2026-06-22 19:01:55, MOVE, v:1, k:ed@especiais, mode:EDIT
2026-06-22 19:05:37, EXEC, v:1, k:ed@especiais, mode:FULL, rate:62, size:225
2026-06-22 19:08:43, EXEC, v:1, k:ed@especiais, mode:FULL, rate:62, size:231
2026-06-22 19:11:40, EXEC, v:1, k:ed@especiais, mode:FULL, rate:62, size:234
2026-06-22 19:11:37, MOVE, v:1, k:ed@especiais, mode:EDIT
2026-06-22 19:16:11, EXEC, v:1, k:ed@especiais, mode:FULL, rate:62, size:247
2026-06-22 19:16:09, MOVE, v:1, k:ed@especiais, mode:EDIT
2026-06-22 19:33:17, EXEC, v:1, k:ed@especiais, mode:FULL, rate:62, size:248
2026-06-22 19:35:03, EXEC, v:1, k:ed@especiais, mode:FULL, rate:87, size:248
2026-06-22 19:36:56, EXEC, v:1, k:ed@especiais, mode:FULL, rate:100, size:254
2026-06-22 19:37:01, MOVE, v:1, k:ed@especiais, mode:BACK
2026-06-22 19:36:55, MOVE, v:1, k:ed@especiais, mode:EDIT
2026-06-22 19:37:17, MOVE, v:1, k:ed@especiais, mode:PICK
2026-06-22 19:37:26, EXEC, v:1, k:ed@especiais, mode:FULL, rate:87, size:254
2026-06-22 19:37:25, MOVE, v:1, k:ed@especiais, mode:EDIT
2026-06-22 20:19:01, EXEC, v:1, k:ed@especiais, mode:FULL, rate:100, size:254
2026-06-22 20:19:03, MOVE, v:1, k:ed@especiais, mode:BACK
2026-06-22 20:19:45, SELF, v:1, k:ed@especiais, self:1, rate:100, study:110, debug:1
2026-06-22 20:20:14, SELF, v:1, k:ed@especiais, self:1, rate:100, study:110
2026-06-22 20:20:30, SELF, v:1, k:ed@especiais, self:1, rate:100, study:110, concept:1
2026-06-22 20:21:10, MOVE, v:1, k:ed@especiais, mode:PICK
