2026-06-29 19:25:59, MOVE, v:1, k:ed@chaves, mode:PICK
2026-06-29 19:26:12, MOVE, v:1, k:ed@chaves, mode:BACK
2026-06-29 19:26:19, MOVE, v:1, k:ed@queimando, mode:PICK
2026-06-29 19:27:17, MOVE, v:1, k:ed@queimando, mode:BACK
2026-06-29 19:28:23, MOVE, v:1, k:ed@queimando, mode:PICK
2026-06-29 19:25:34, MOVE, v:1, k:ed@chaves, mode:EDIT
2026-06-29 19:34:13, MOVE, v:1, k:ed@queimando, mode:EDIT
2026-06-29 19:49:38, MOVE, v:1, k:ed@queimando, mode:EDIT
2026-06-29 19:50:20, EXEC, v:1, k:ed@queimando, mode:FULL, rate:0, size:104
2026-06-29 19:50:30, MOVE, v:1, k:ed@queimando, mode:BACK
2026-06-29 19:50:36, MOVE, v:1, k:ed@queimando, mode:PICK
2026-06-29 19:53:36, EXEC, v:1, k:ed@queimando, mode:FULL, rate:20, size:105
2026-06-29 19:53:34, MOVE, v:1, k:ed@queimando, mode:EDIT
2026-06-29 20:00:41, EXEC, v:1, k:ed@queimando, mode:FULL, rate:0, size:105
2026-06-29 20:01:01, EXEC, v:1, k:ed@queimando, mode:FULL, rate:0, size:105
2026-06-29 20:01:50, EXEC, v:1, k:ed@queimando, mode:FULL, rate:100, size:105
2026-06-29 20:01:55, MOVE, v:1, k:ed@queimando, mode:BACK
2026-06-29 20:02:09, SELF, v:1, k:ed@queimando, self:1, rate:100, study:35, concept:1, debug:1
2026-06-29 20:02:34, MOVE, v:1, k:ed@pilhado, mode:DOWN
2026-06-29 20:02:41, MOVE, v:1, k:ed@pilhado, mode:PICK
2026-06-29 20:01:42, MOVE, v:1, k:ed@queimando, mode:EDIT
2026-06-29 20:02:34, MOVE, v:1, k:ed@pilhado, mode:EDIT
2026-06-29 20:02:34, MOVE, v:1, k:ed@pilhado, mode:EDIT
2026-06-29 20:04:05, MOVE, v:1, k:ed@pilhado, mode:EDIT
2026-06-29 20:09:39, MOVE, v:1, k:ed@pilhado, mode:EDIT
2026-06-29 20:11:42, MOVE, v:1, k:ed@pilhado, mode:EDIT
2026-06-29 21:30:19, MOVE, v:1, k:ed@pilhado, mode:EDIT
2026-06-29 21:35:20, EXEC, v:1, k:ed@pilhado, mode:FULL, size:130, fail:COMP
2026-06-29 21:35:16, MOVE, v:1, k:ed@pilhado, mode:EDIT
2026-06-29 21:37:26, EXEC, v:1, k:ed@pilhado, mode:FULL, size:141, fail:COMP
2026-06-29 21:37:46, EXEC, v:1, k:ed@pilhado, mode:FULL, rate:0, size:141
2026-06-29 21:38:28, EXEC, v:1, k:ed@pilhado, mode:FULL, rate:0, size:144
2026-06-29 21:38:24, MOVE, v:1, k:ed@pilhado, mode:EDIT
2026-06-29 21:41:43, EXEC, v:1, k:ed@pilhado, mode:FULL, rate:0, size:145
2026-06-29 21:44:01, EXEC, v:1, k:ed@pilhado, mode:FULL, size:141, fail:COMP
2026-06-29 21:44:36, EXEC, v:1, k:ed@pilhado, mode:FULL, rate:0, size:144
2026-06-29 21:44:34, MOVE, v:1, k:ed@pilhado, mode:EDIT
2026-06-29 21:45:36, EXEC, v:1, k:ed@pilhado, mode:FULL, rate:0, size:144
2026-06-29 21:46:34, EXEC, v:1, k:ed@pilhado, mode:FULL, rate:0, size:143
2026-06-29 21:47:01, MOVE, v:1, k:ed@pilhado, mode:PICK
2026-06-29 21:47:02, EXEC, v:1, k:ed@pilhado, mode:FULL, size:141, fail:COMP
2026-06-29 21:47:12, EXEC, v:1, k:ed@pilhado, mode:FULL, rate:0, size:144
2026-06-29 21:48:36, EXEC, v:1, k:ed@pilhado, mode:FULL, rate:0, size:144
2026-06-29 21:49:54, MOVE, v:1, k:ed@pilhado, mode:EDIT
2026-06-29 21:56:52, MOVE, v:1, k:ed@pilhado, mode:EDIT
2026-06-29 21:58:21, EXEC, v:1, k:ed@pilhado, mode:FULL, rate:0, size:156
2026-06-29 21:59:00, MOVE, v:1, k:ed@pilhado, mode:BACK
2026-06-29 21:59:17, MOVE, v:1, k:ed@pilhado, mode:PICK
2026-06-29 21:59:20, MOVE, v:1, k:ed@pilhado, mode:BACK
2026-06-29 21:59:37, MOVE, v:1, k:ed@pilhado, mode:PICK
2026-06-29 22:02:21, EXEC, v:1, k:ed@pilhado, mode:FULL, rate:0, size:153
2026-06-29 22:02:04, MOVE, v:1, k:ed@pilhado, mode:EDIT
2026-06-29 22:06:24, EXEC, v:1, k:ed@pilhado, mode:FULL, rate:0, size:152
2026-06-29 22:06:10, MOVE, v:1, k:ed@pilhado, mode:EDIT
2026-06-29 22:11:32, EXEC, v:1, k:ed@pilhado, mode:FULL, rate:0, size:154
2026-06-29 22:12:38, EXEC, v:1, k:ed@pilhado, mode:FULL, rate:0, size:154
2026-06-29 22:14:03, EXEC, v:1, k:ed@pilhado, mode:FULL, rate:0, size:154
2026-06-29 22:13:50, MOVE, v:1, k:ed@pilhado, mode:EDIT
2026-06-29 22:14:48, EXEC, v:1, k:ed@pilhado, mode:FULL, rate:0
2026-06-29 22:15:36, EXEC, v:1, k:ed@pilhado, mode:FULL, rate:100, size:154
2026-06-29 22:15:49, MOVE, v:1, k:ed@pilhado, mode:BACK
2026-06-29 22:16:05, SELF, v:1, k:ed@pilhado, self:1, rate:100, study:60, code:1
