2026-05-31 15:27:36, MOVE, v:1, k:ed@n_rainhas, mode:DOWN
2026-05-31 15:27:37, MOVE, v:1, k:ed@n_rainhas, mode:PICK
2026-05-31 15:27:35, MOVE, v:1, k:ed@n_rainhas, mode:EDIT
2026-05-31 15:27:35, MOVE, v:1, k:ed@n_rainhas, mode:EDIT
2026-05-31 15:27:36, MOVE, v:1, k:ed@n_rainhas, mode:EDIT
2026-05-31 16:15:20, EXEC, v:1, k:ed@n_rainhas, mode:FULL, rate:0, size:5
2026-05-31 16:17:03, MOVE, v:1, k:ed@n_rainhas, mode:BACK
2026-05-31 16:24:22, MOVE, v:1, k:ed@n_rainhas, mode:PICK
2026-05-31 16:24:24, EXEC, v:1, k:ed@n_rainhas, mode:FULL, rate:0
2026-05-31 16:24:24, MOVE, v:1, k:ed@n_rainhas, mode:BACK
2026-05-31 16:24:26, MOVE, v:1, k:ed@n_rainhas, mode:PICK
2026-05-31 16:58:09, MOVE, v:1, k:ed@n_rainhas, mode:BACK
2026-05-31 16:58:11, MOVE, v:1, k:ed@n_rainhas, mode:PICK
2026-05-31 16:58:13, EXEC, v:1, k:ed@n_rainhas, mode:FULL, rate:0
2026-05-31 16:58:13, MOVE, v:1, k:ed@n_rainhas, mode:BACK
2026-05-31 16:59:47, MOVE, v:1, k:ed@n_rainhas, mode:PICK
2026-05-31 17:00:02, EXEC, v:1, k:ed@n_rainhas, mode:FULL, rate:0, size:52
2026-05-31 17:00:08, EXEC, v:1, k:ed@n_rainhas, mode:FULL, rate:100, size:52
2026-05-31 17:00:10, MOVE, v:1, k:ed@n_rainhas, mode:BACK
2026-05-31 17:00:25, SELF, v:1, k:ed@n_rainhas, self:1, rate:100, study:90, debug:1
2026-05-31 17:00:35, SELF, v:1, k:ed@n_rainhas, self:1, rate:100, study:90, problem:1, debug:1
