2026-06-08 10:24:44, MOVE, v:1, k:ed@triangulo, mode:PICK
2026-06-08 10:24:54, EXEC, v:1, k:ed@triangulo, mode:FULL, rate:100, size:66
2026-06-08 10:25:07, MOVE, v:1, k:ed@triangulo, mode:BACK
2026-06-08 10:25:20, SELF, v:1, k:ed@triangulo, self:1, rate:100, study:25, concept:1, debug:1
2026-06-08 10:26:36, MOVE, v:1, k:ed@serial, mode:DOWN
2026-06-08 10:26:37, MOVE, v:1, k:ed@serial, mode:PICK
2026-06-08 10:26:36, MOVE, v:1, k:ed@serial, mode:EDIT
2026-06-08 10:26:36, MOVE, v:1, k:ed@serial, mode:EDIT
2026-06-08 10:26:36, MOVE, v:1, k:ed@serial, mode:EDIT
2026-06-08 15:33:22, MOVE, v:1, k:ed@serial, mode:PICK
2026-06-08 15:33:24, EXEC, v:1, k:ed@serial, mode:FULL, rate:0, size:65
2026-06-08 15:33:25, MOVE, v:1, k:ed@serial, mode:BACK
2026-06-08 15:33:28, MOVE, v:1, k:ed@serial, mode:PICK
2026-06-08 15:48:36, MOVE, v:1, k:ed@serial, mode:EDIT
2026-06-08 16:04:28, MOVE, v:1, k:ed@serial, mode:EDIT
2026-06-08 16:17:48, MOVE, v:1, k:ed@serial, mode:BACK
2026-06-08 16:17:51, MOVE, v:1, k:ed@serial, mode:PICK
2026-06-08 16:17:55, EXEC, v:1, k:ed@serial, mode:FULL, rate:100, size:83
2026-06-08 16:17:56, MOVE, v:1, k:ed@serial, mode:BACK
2026-06-08 16:18:04, MOVE, v:1, k:ed@serial, mode:PICK
2026-06-08 16:18:45, EXEC, v:1, k:ed@serial, mode:FULL, size:83, fail:COMP
2026-06-08 16:18:45, MOVE, v:1, k:ed@serial, mode:BACK
2026-06-08 16:18:47, MOVE, v:1, k:ed@serial, mode:PICK
2026-06-08 16:18:36, MOVE, v:1, k:ed@serial, mode:EDIT
2026-06-08 16:40:16, MOVE, v:1, k:ed@serial, mode:BACK
2026-06-08 16:40:18, MOVE, v:1, k:ed@serial, mode:PICK
2026-06-08 16:40:20, EXEC, v:1, k:ed@serial, mode:FULL, fail:COMP
2026-06-08 16:40:20, MOVE, v:1, k:ed@serial, mode:BACK
2026-06-08 16:40:43, SELF, v:1, k:ed@serial, self:1, rate:100, study:70, problem:1, debug:1
