2026-05-09 14:13:41, SELF, v:1, k:ed@editorint, self:1, rate:100, study:126, concept:1, debug:1
2026-05-09 14:14:08, MOVE, v:1, k:ed@multiset, mode:PICK
2026-05-09 14:14:11, EXEC, v:1, k:ed@multiset, mode:FULL, rate:0
2026-05-09 14:14:51, MOVE, v:1, k:ed@multiset, mode:BACK
2026-05-09 14:14:56, MOVE, v:1, k:ed@multiset, mode:PICK
2026-05-09 14:14:30, MOVE, v:1, k:ed@multiset, mode:EDIT
2026-05-09 14:23:04, EXEC, v:1, k:ed@multiset, mode:FULL, size:113, fail:COMP
2026-05-09 14:23:00, MOVE, v:1, k:ed@multiset, mode:EDIT
2026-05-09 14:23:15, EXEC, v:1, k:ed@multiset, mode:FULL, rate:0, size:112
2026-05-09 14:25:01, EXEC, v:1, k:ed@multiset, mode:FULL, rate:0, size:113
2026-05-09 14:25:18, EXEC, v:1, k:ed@multiset, mode:FULL, rate:0, size:113
2026-05-09 14:25:20, MOVE, v:1, k:ed@multiset, mode:BACK
2026-05-09 14:25:21, MOVE, v:1, k:ed@multiset, mode:PICK
2026-05-09 14:25:23, EXEC, v:1, k:ed@multiset, mode:FREE
2026-05-09 14:27:42, MOVE, v:1, k:ed@multiset, mode:EDIT
2026-05-09 14:29:08, EXEC, v:1, k:ed@multiset, mode:FULL, rate:0, size:114
2026-05-09 14:29:18, EXEC, v:1, k:ed@multiset, mode:FULL, rate:16, size:114
2026-05-09 14:32:07, MOVE, v:1, k:ed@multiset, mode:EDIT
2026-05-09 14:34:04, EXEC, v:1, k:ed@multiset, mode:FULL, size:123, fail:COMP
2026-05-09 14:34:37, EXEC, v:1, k:ed@multiset, mode:FULL, rate:33, size:124
2026-05-09 14:36:41, MOVE, v:1, k:ed@multiset, mode:EDIT
2026-05-09 14:41:58, MOVE, v:1, k:ed@multiset, mode:EDIT
2026-05-09 14:47:21, MOVE, v:1, k:ed@multiset, mode:EDIT
2026-05-09 14:52:59, EXEC, v:1, k:ed@multiset, mode:FULL, size:140, fail:COMP
2026-05-09 14:53:07, MOVE, v:1, k:ed@multiset, mode:EDIT
2026-05-09 14:53:19, EXEC, v:1, k:ed@multiset, mode:FULL, rate:33, size:141
2026-05-09 14:54:17, EXEC, v:1, k:ed@multiset, mode:FULL, rate:33, size:138
2026-05-09 14:55:04, EXEC, v:1, k:ed@multiset, mode:FULL, rate:33, size:138
2026-05-09 14:55:19, EXEC, v:1, k:ed@multiset, mode:FULL, rate:33, size:138
2026-05-09 14:55:38, EXEC, v:1, k:ed@multiset, mode:FULL, rate:50, size:138
2026-05-09 14:58:06, MOVE, v:1, k:ed@multiset, mode:EDIT
2026-05-09 15:00:45, EXEC, v:1, k:ed@multiset, mode:FULL, rate:66, size:154
2026-05-09 15:00:43, MOVE, v:1, k:ed@multiset, mode:EDIT
2026-05-09 15:10:19, EXEC, v:1, k:ed@multiset, mode:FULL, rate:66, size:168
2026-05-09 15:11:11, EXEC, v:1, k:ed@multiset, mode:FULL, rate:66, size:169
2026-05-09 15:11:29, EXEC, v:1, k:ed@multiset, mode:FULL, rate:66, size:169
2026-05-09 15:12:21, EXEC, v:1, k:ed@multiset, mode:FULL, rate:66, size:169
2026-05-09 15:12:14, MOVE, v:1, k:ed@multiset, mode:EDIT
2026-05-09 15:13:29, EXEC, v:1, k:ed@multiset, mode:FULL, rate:83, size:169
2026-05-09 15:13:27, MOVE, v:1, k:ed@multiset, mode:EDIT
2026-05-09 15:22:11, EXEC, v:1, k:ed@multiset, mode:FULL, rate:83, size:181
2026-05-09 15:22:45, EXEC, v:1, k:ed@multiset, mode:FULL, rate:83, size:181
2026-05-09 15:22:44, MOVE, v:1, k:ed@multiset, mode:EDIT
2026-05-09 15:27:56, EXEC, v:1, k:ed@multiset, mode:FULL, rate:100, size:174
2026-05-09 15:28:02, MOVE, v:1, k:ed@multiset, mode:BACK
2026-05-09 15:27:52, MOVE, v:1, k:ed@multiset, mode:EDIT
2026-05-09 15:28:32, SELF, v:1, k:ed@multiset, self:1, rate:100, study:120, concept:1, debug:1
2026-05-09 15:37:08, MOVE, v:1, k:ed@buscas, mode:DOWN
2026-05-09 15:37:08, MOVE, v:1, k:ed@buscas, mode:PICK
2026-05-09 15:37:08, MOVE, v:1, k:ed@buscas, mode:EDIT
2026-05-09 15:37:08, MOVE, v:1, k:ed@buscas, mode:EDIT
2026-05-09 15:39:02, MOVE, v:1, k:ed@buscas, mode:EDIT
2026-05-09 15:46:48, MOVE, v:1, k:ed@buscas, mode:EDIT
2026-05-09 15:51:36, MOVE, v:1, k:ed@buscas, mode:EDIT
2026-05-09 15:56:48, MOVE, v:1, k:ed@buscas, mode:EDIT
2026-05-09 16:00:20, EXEC, v:1, k:ed@buscas, mode:FULL, rate:0, size:45
2026-05-09 16:00:19, MOVE, v:1, k:ed@buscas, mode:EDIT
2026-05-09 16:09:24, EXEC, v:1, k:ed@buscas, mode:FULL, rate:0, size:45
2026-05-09 16:09:36, EXEC, v:1, k:ed@buscas, mode:FULL, rate:0, size:45
2026-05-09 16:09:50, MOVE, v:1, k:ed@buscas, mode:PICK
2026-05-09 16:09:51, EXEC, v:1, k:ed@buscas, mode:FULL, rate:0, size:45
2026-05-09 16:10:05, EXEC, v:1, k:ed@buscas, mode:FULL, rate:0, size:45
2026-05-09 16:11:09, MOVE, v:1, k:ed@buscas, mode:BACK
2026-05-09 16:11:29, SELF, v:1, k:ed@iterador, self:1, rate:100, study:120, code:1
2026-05-09 16:11:39, SELF, v:1, k:ed@iterador, self:1, rate:100, study:120, code:1
2026-05-09 16:12:23, MOVE, v:1, k:ed@buscas, mode:PICK
2026-05-09 16:12:25, EXEC, v:1, k:ed@buscas, mode:FULL, rate:0, size:45
2026-05-09 16:12:36, EXEC, v:1, k:ed@buscas, mode:FULL, rate:0, size:45
2026-05-09 16:12:48, MOVE, v:1, k:ed@buscas, mode:PICK
2026-05-09 16:12:56, EXEC, v:1, k:ed@buscas, mode:FULL, rate:0, size:45
2026-05-09 16:13:02, EXEC, v:1, k:ed@buscas, mode:FULL, rate:0, size:45
2026-05-09 16:13:47, EXEC, v:1, k:ed@buscas, mode:FULL, rate:0, size:47
2026-05-09 16:14:06, EXEC, v:1, k:ed@buscas, mode:FULL, rate:0, size:47
2026-05-09 16:16:29, EXEC, v:1, k:ed@buscas, mode:FULL, rate:0, size:48
2026-05-09 16:16:42, EXEC, v:1, k:ed@buscas, mode:FULL, rate:0, size:48
2026-05-09 16:16:55, EXEC, v:1, k:ed@buscas, mode:FULL, rate:100, size:48
2026-05-09 16:16:57, MOVE, v:1, k:ed@buscas, mode:BACK
2026-05-09 16:17:12, SELF, v:1, k:ed@buscas, self:1, rate:100, study:45, concept:1, debug:1
2026-05-09 16:16:53, MOVE, v:1, k:ed@buscas, mode:EDIT
2026-05-09 16:17:56, SELF, v:1, k:ed@editorint, self:1, rate:100, study:145, concept:1, debug:1
2026-05-09 16:17:57, MOVE, v:1, k:ed@editorint, mode:PICK
2026-05-09 16:18:10, MOVE, v:1, k:ed@editorint, mode:BACK
2026-05-09 16:18:55, MOVE, v:1, k:ed@rotacoes, mode:DOWN
2026-05-09 16:18:57, MOVE, v:1, k:ed@rotacoes, mode:PICK
2026-05-09 17:34:05, SELF, v:1, k:ed@fractais_png, self:1, rate:10, study:120, guided:1, code:1
2026-05-09 17:34:29, MOVE, v:1, k:ed@editorint, mode:PICK
2026-05-09 17:34:33, EXEC, v:1, k:ed@editorint, mode:LOCK, rate:0, size:321
2026-05-09 17:34:37, EXEC, v:1, k:ed@editorint, mode:LOCK, rate:0
2026-05-09 17:34:37, EXEC, v:1, k:ed@editorint, mode:FREE
2026-05-09 17:36:06, EXEC, v:1, k:ed@editorint, mode:LOCK, rate:0
2026-05-09 17:36:07, MOVE, v:1, k:ed@editorint, mode:BACK
2026-05-09 17:36:07, MOVE, v:1, k:ed@editorint, mode:PICK
2026-05-09 17:36:08, MOVE, v:1, k:ed@editorint, mode:BACK
2026-05-09 17:37:01, SELF, v:1, k:ed@editorint, self:1, rate:100, study:126, concept:1, debug:1
2026-05-09 17:37:31, SELF, v:1, k:ed@princesa, self:1, study:120, concept:1, code:1, debug:1
2026-05-09 17:38:16, MOVE, v:1, k:ed@rotacoes, mode:PICK
2026-05-09 17:38:18, EXEC, v:1, k:ed@rotacoes, mode:FULL, rate:0, size:5
2026-05-09 17:41:44, MOVE, v:1, k:ed@rotacoes, mode:EDIT
2026-05-09 17:51:50, MOVE, v:1, k:ed@rotacoes, mode:EDIT
2026-05-09 17:54:55, EXEC, v:1, k:ed@rotacoes, mode:FULL, rate:0, size:35
2026-05-09 17:56:49, MOVE, v:1, k:ed@rotacoes, mode:EDIT
2026-05-09 17:56:55, EXEC, v:1, k:ed@rotacoes, mode:FULL, rate:0, size:39
2026-05-09 17:57:19, EXEC, v:1, k:ed@rotacoes, mode:FULL, rate:0, size:40
2026-05-09 17:57:36, EXEC, v:1, k:ed@rotacoes, mode:FULL, rate:100, size:40
2026-05-09 17:57:38, MOVE, v:1, k:ed@rotacoes, mode:BACK
2026-05-09 17:57:56, SELF, v:1, k:ed@rotacoes, self:1, rate:100, study:35, concept:1, debug:1
2026-05-09 18:03:50, MOVE, v:1, k:ed@lista_d1, mode:DOWN
2026-05-09 18:03:52, MOVE, v:1, k:ed@lista_d1, mode:PICK
2026-05-09 18:03:50, MOVE, v:1, k:ed@lista_d1, mode:EDIT
2026-05-09 18:03:50, MOVE, v:1, k:ed@lista_d1, mode:EDIT
2026-05-09 18:03:50, MOVE, v:1, k:ed@lista_d1, mode:EDIT
2026-05-09 18:03:50, MOVE, v:1, k:ed@lista_d1, mode:EDIT
2026-05-09 18:22:50, MOVE, v:1, k:ed@lista_d1, mode:BACK
2026-05-09 18:23:27, SELF, v:1, k:ed@editorint, self:1, rate:100, study:120, concept:1, debug:1
