2026-05-12 13:41:04, MOVE, v:1, k:ed@prin_list1, mode:DOWN
2026-05-12 13:41:05, MOVE, v:1, k:ed@prin_list1, mode:PICK
2026-05-12 13:43:36, EXEC, v:1, k:ed@prin_list1, mode:FULL, size:172, fail:COMP
2026-05-12 13:43:45, EXEC, v:1, k:ed@prin_list1, mode:LOCK, rate:0, size:172
2026-05-12 13:41:04, MOVE, v:1, k:ed@prin_list1, mode:EDIT
2026-05-12 13:41:04, MOVE, v:1, k:ed@prin_list1, mode:EDIT
2026-05-12 13:43:44, MOVE, v:1, k:ed@prin_list1, mode:EDIT
2026-05-12 13:47:16, MOVE, v:1, k:ed@prin_list1, mode:EDIT
2026-05-12 13:55:32, MOVE, v:1, k:ed@prin_list1, mode:EDIT
2026-05-12 13:59:06, EXEC, v:1, k:ed@prin_list1, mode:FULL, size:189, fail:COMP
2026-05-12 13:59:17, EXEC, v:1, k:ed@prin_list1, mode:LOCK, rate:0, size:189
2026-05-12 13:59:25, EXEC, v:1, k:ed@prin_list1, mode:LOCK, rate:0
2026-05-12 13:59:29, EXEC, v:1, k:ed@prin_list1, mode:LOCK, rate:0
2026-05-12 13:59:29, EXEC, v:1, k:ed@prin_list1, mode:FREE
2026-05-12 13:59:16, MOVE, v:1, k:ed@prin_list1, mode:EDIT
2026-05-12 14:03:16, EXEC, v:1, k:ed@prin_list1, mode:LOCK, rate:0, size:197
2026-05-12 14:03:20, MOVE, v:1, k:ed@prin_list1, mode:BACK
2026-05-12 14:03:42, SELF, v:1, k:ed@prin_list1, self:1, code:1
2026-05-12 14:04:16, MOVE, v:1, k:ed@editor, mode:DOWN
2026-05-12 14:04:21, MOVE, v:1, k:ed@editor, mode:PICK
2026-05-12 14:03:11, MOVE, v:1, k:ed@prin_list1, mode:EDIT
2026-05-12 14:04:16, MOVE, v:1, k:ed@editor, mode:EDIT
2026-05-12 14:04:16, MOVE, v:1, k:ed@editor, mode:EDIT
2026-05-12 14:15:32, MOVE, v:1, k:ed@editor, mode:EDIT
2026-05-12 14:16:34, MOVE, v:1, k:ed@editor, mode:EDIT
2026-05-12 14:22:57, EXEC, v:1, k:ed@editor, mode:FULL, size:28, fail:COMP
2026-05-12 14:25:31, MOVE, v:1, k:ed@editor, mode:EDIT
2026-05-12 14:26:17, MOVE, v:1, k:ed@editor, mode:EDIT
2026-05-12 14:35:34, MOVE, v:1, k:ed@editor, mode:EDIT
2026-05-12 14:40:31, MOVE, v:1, k:ed@editor, mode:EDIT
2026-05-12 14:43:06, EXEC, v:1, k:ed@editor, mode:FULL, size:100, fail:COMP
2026-05-12 14:43:20, EXEC, v:1, k:ed@editor, mode:FULL, rate:0, size:98
2026-05-12 14:43:42, EXEC, v:1, k:ed@editor, mode:FULL, rate:100, size:98
2026-05-12 14:43:45, MOVE, v:1, k:ed@editor, mode:BACK
2026-05-12 14:44:17, SELF, v:1, k:ed@editor, self:1, rate:100, study:55, debug:1
