2026-07-07 14:02:22, MOVE, v:1, k:ed@battleship, mode:PICK
2026-07-07 14:02:24, EXEC, v:1, k:ed@battleship, mode:FULL, rate:100
2026-07-07 14:02:25, MOVE, v:1, k:ed@battleship, mode:BACK
2026-07-07 14:02:44, SELF, v:1, k:ed@battleship, self:1, rate:100, study:45, debug:1
2026-07-07 14:02:48, MOVE, v:1, k:ed@battleship, mode:PICK
2026-07-07 14:04:03, MOVE, v:1, k:ed@battleship, mode:BACK
2026-07-07 14:04:33, SELF, v:1, k:ed@cercado, self:1, rate:100, concept:1, debug:1
2026-07-07 14:04:41, SELF, v:1, k:ed@cercado, self:1, rate:100, concept:1, problem:1, debug:1
2026-07-07 14:05:06, SELF, v:1, k:ed@subset_sum, self:1, rate:100, problem:1
2026-07-07 14:05:25, SELF, v:1, k:ed@wordsearch, self:1, rate:100, concept:1, debug:1
2026-07-07 14:05:31, SELF, v:1, k:ed@wordsearch, self:1, rate:100, concept:1, problem:1, debug:1
2026-07-07 14:05:48, SELF, v:1, k:ed@subset_sum, self:1, rate:100, problem:1, debug:1
2026-07-07 14:06:14, SELF, v:1, k:ed@editorint, self:1, rate:100, concept:1, problem:1
2026-07-07 14:06:20, SELF, v:1, k:ed@editorint, self:1, rate:100, concept:1, problem:1, debug:1
2026-07-07 14:06:26, SELF, v:1, k:ed@editorint, self:1, rate:100, concept:1, debug:1
2026-07-07 14:06:37, SELF, v:1, k:ed@lista_d1, self:1, rate:100, concept:1, debug:1
2026-07-07 14:06:44, SELF, v:1, k:ed@lista_d1, self:1, rate:100, concept:1, problem:1, debug:1
2026-07-07 14:06:50, SELF, v:1, k:ed@lista_d1, self:1, rate:100, concept:1, code:1
2026-07-07 14:07:00, MOVE, v:1, k:ed@lista_d1, mode:PICK
2026-07-07 14:07:56, MOVE, v:1, k:ed@lista_d1, mode:BACK
2026-07-07 14:08:08, MOVE, v:1, k:ed@lista_d1, mode:DOWN
2026-07-07 14:08:12, MOVE, v:1, k:ed@lista_d1, mode:PICK
2026-07-07 14:08:08, MOVE, v:1, k:ed@lista_d1, mode:EDIT
2026-07-07 14:09:07, MOVE, v:1, k:ed@lista_d1, mode:EDIT
2026-07-07 14:13:33, EXEC, v:1, k:ed@lista_d1, mode:FULL, rate:14, size:90
2026-07-07 14:14:08, MOVE, v:1, k:ed@lista_d1, mode:EDIT
2026-07-07 14:15:11, EXEC, v:1, k:ed@lista_d1, mode:FULL, rate:14, size:101
2026-07-07 14:18:29, EXEC, v:1, k:ed@lista_d1, mode:FULL, rate:57, size:118
2026-07-07 14:19:07, MOVE, v:1, k:ed@lista_d1, mode:EDIT
2026-07-07 14:23:17, EXEC, v:1, k:ed@lista_d1, mode:FULL, rate:100, size:152
2026-07-07 14:23:19, MOVE, v:1, k:ed@lista_d1, mode:BACK
2026-07-07 14:23:33, SELF, v:1, k:ed@lista_d1, self:1, rate:100, concept:1, debug:1
2026-07-07 14:23:57, MOVE, v:1, k:ed@lista_d2, mode:PICK
2026-07-07 14:23:15, MOVE, v:1, k:ed@lista_d1, mode:EDIT
2026-07-07 14:24:25, MOVE, v:1, k:ed@lista_d2, mode:BACK
2026-07-07 14:24:44, MOVE, v:1, k:ed@lista_d2, mode:DOWN
2026-07-07 14:24:46, MOVE, v:1, k:ed@lista_d2, mode:PICK
2026-07-07 14:24:44, MOVE, v:1, k:ed@lista_d2, mode:EDIT
2026-07-07 14:27:57, MOVE, v:1, k:ed@lista_d2, mode:EDIT
2026-07-07 14:31:07, EXEC, v:1, k:ed@lista_d2, mode:FULL, rate:0, size:133
2026-07-07 14:33:30, MOVE, v:1, k:ed@lista_d2, mode:EDIT
2026-07-07 14:36:44, EXEC, v:1, k:ed@lista_d2, mode:FULL, size:167, fail:COMP
2026-07-07 14:37:11, EXEC, v:1, k:ed@lista_d2, mode:FULL, size:167, fail:COMP
2026-07-07 14:37:30, EXEC, v:1, k:ed@lista_d2, mode:FULL, rate:20, size:168
2026-07-07 14:39:08, MOVE, v:1, k:ed@lista_d2, mode:EDIT
2026-07-07 14:40:41, EXEC, v:1, k:ed@lista_d2, mode:FULL, rate:20, size:188
2026-07-07 14:43:49, EXEC, v:1, k:ed@lista_d2, mode:FULL, size:212, fail:COMP
2026-07-07 14:43:39, MOVE, v:1, k:ed@lista_d2, mode:EDIT
2026-07-07 14:49:08, EXEC, v:1, k:ed@lista_d2, mode:FULL, size:240, fail:COMP
2026-07-07 14:49:02, MOVE, v:1, k:ed@lista_d2, mode:EDIT
2026-07-07 14:50:34, EXEC, v:1, k:ed@lista_d2, mode:FULL, size:240, fail:COMP
2026-07-07 14:51:04, EXEC, v:1, k:ed@lista_d2, mode:FULL, rate:60, size:240
2026-07-07 14:52:38, EXEC, v:1, k:ed@lista_d2, mode:FULL, rate:80, size:240
2026-07-07 14:53:05, EXEC, v:1, k:ed@lista_d2, mode:FULL, rate:100, size:240
2026-07-07 14:53:06, MOVE, v:1, k:ed@lista_d2, mode:BACK
2026-07-07 14:53:12, SELF, v:1, k:ed@lista_d2, self:1, rate:100, debug:1
2026-07-07 14:53:27, SELF, v:1, k:ed@lista_d2, self:1, rate:100, problem:1
2026-07-07 14:53:03, MOVE, v:1, k:ed@lista_d2, mode:EDIT
2026-07-07 14:54:15, SELF, v:1, k:ed@lista_d3, self:1, rate:100, concept:1, problem:1
2026-07-07 14:54:19, SELF, v:1, k:ed@lista_d3, self:1, rate:100, concept:1, problem:1, debug:1
2026-07-07 14:54:56, SELF, v:1, k:ed@mdc, self:1, rate:100, debug:1
2026-07-07 14:55:05, SELF, v:1, k:ed@mdc, self:1, rate:100, problem:1
2026-07-07 14:55:18, SELF, v:1, k:ed@mdc, self:1, rate:100
2026-07-07 14:55:26, SELF, v:1, k:ed@mdc, self:1, rate:100, code:1, debug:1
2026-07-07 15:00:51, MOVE, v:1, k:ed@caminho, mode:DOWN
2026-07-07 15:00:54, MOVE, v:1, k:ed@caminho, mode:PICK
2026-07-07 15:00:51, MOVE, v:1, k:ed@caminho, mode:EDIT
2026-07-07 15:00:51, MOVE, v:1, k:ed@caminho, mode:EDIT
2026-07-07 15:04:10, MOVE, v:1, k:ed@caminho, mode:EDIT
2026-07-07 15:17:28, MOVE, v:1, k:ed@caminho, mode:EDIT
2026-07-07 15:36:02, MOVE, v:1, k:ed@caminho, mode:EDIT
2026-07-07 15:38:30, EXEC, v:1, k:ed@caminho, mode:FULL, size:144, fail:COMP
2026-07-07 15:38:38, EXEC, v:1, k:ed@caminho, mode:FULL, size:144, fail:COMP
2026-07-07 15:39:04, EXEC, v:1, k:ed@caminho, mode:FULL, rate:100, size:145
2026-07-07 15:39:07, MOVE, v:1, k:ed@caminho, mode:BACK
2026-07-07 15:39:14, SELF, v:1, k:ed@caminho, self:1, rate:100, debug:1
2026-07-07 15:39:33, SELF, v:1, k:ed@caminho, self:1, rate:100, problem:1, debug:1
2026-07-07 15:39:46, SELF, v:1, k:ed@caminho, self:1, rate:100, study:60, problem:1, debug:1
2026-07-07 15:40:46, MOVE, v:1, k:ed@caminho, mode:PICK
2026-07-07 15:41:30, EXEC, v:1, k:ed@caminho, mode:FULL, rate:100, size:145
2026-07-07 15:41:58, MOVE, v:1, k:ed@caminho, mode:BACK
2026-07-07 15:42:00, MOVE, v:1, k:ed@caminho, mode:PICK
2026-07-07 15:44:39, MOVE, v:1, k:ed@caminho, mode:BACK
2026-07-07 19:13:02, SELF, v:1, k:ed@caminho, self:1, rate:100, code:1
2026-07-07 22:13:17, MOVE, v:1, k:ed@ilhas, mode:PICK
2026-07-07 22:13:29, MOVE, v:1, k:ed@ilhas, mode:BACK
2026-07-07 22:13:41, MOVE, v:1, k:ed@cercado, mode:PICK
2026-07-07 22:14:06, MOVE, v:1, k:ed@cercado, mode:BACK
2026-07-07 22:14:09, MOVE, v:1, k:ed@pintura, mode:PICK
2026-07-07 22:14:51, MOVE, v:1, k:ed@pintura, mode:BACK
