2026-07-09 13:17:06, SELF, v:1, k:ed@caminho, self:1, rate:100, concept:1, problem:1, code:1
2026-07-09 13:17:47, MOVE, v:1, k:ed@serial, mode:PICK
2026-07-09 13:17:59, MOVE, v:1, k:ed@serial, mode:BACK
2026-07-09 13:18:40, SELF, v:1, k:ed@serial, self:1, rate:100, study:42, problem:1
2026-07-09 13:19:00, SELF, v:1, k:ed@inverter, self:1, rate:100, study:34, concept:1, debug:1
2026-07-09 13:19:18, SELF, v:1, k:ed@inverter, self:1, rate:100, study:37, concept:1, debug:1
2026-07-09 13:20:02, MOVE, v:1, k:ed@caminho, mode:PICK
2026-07-09 13:20:05, MOVE, v:1, k:ed@caminho, mode:BACK
2026-07-09 13:20:20, MOVE, v:1, k:ed@battleship, mode:PICK
2026-07-09 13:21:17, MOVE, v:1, k:ed@battleship, mode:BACK
2026-07-09 13:21:28, MOVE, v:1, k:ed@battleship, mode:DOWN
2026-07-09 13:21:38, MOVE, v:1, k:ed@battleship, mode:PICK
2026-07-09 13:21:49, MOVE, v:1, k:ed@battleship, mode:BACK
2026-07-09 13:22:03, SELF, v:1, k:ed@battleship, self:1, rate:100, concept:1, debug:1
2026-07-09 13:22:06, MOVE, v:1, k:ed@battleship, mode:PICK
2026-07-09 13:21:28, MOVE, v:1, k:ed@battleship, mode:EDIT
2026-07-09 13:22:48, MOVE, v:1, k:ed@battleship, mode:EDIT
2026-07-09 13:38:32, MOVE, v:1, k:ed@battleship, mode:BACK
2026-07-09 13:38:37, MOVE, v:1, k:ed@battleship, mode:PICK
2026-07-09 13:38:38, EXEC, v:1, k:ed@battleship, mode:FULL, size:39, fail:COMP
2026-07-09 13:38:38, MOVE, v:1, k:ed@battleship, mode:BACK
2026-07-09 13:38:40, MOVE, v:1, k:ed@battleship, mode:PICK
2026-07-09 13:39:08, MOVE, v:1, k:ed@battleship, mode:EDIT
2026-07-09 13:42:50, EXEC, v:1, k:ed@battleship, mode:FULL, rate:100, size:49
2026-07-09 13:42:55, MOVE, v:1, k:ed@battleship, mode:BACK
2026-07-09 13:43:35, SELF, v:1, k:ed@caminho, self:1, rate:100, concept:1, code:1
2026-07-09 13:43:41, MOVE, v:1, k:ed@rotten, mode:PICK
2026-07-09 13:43:56, MOVE, v:1, k:ed@rotten, mode:BACK
2026-07-09 13:43:58, MOVE, v:1, k:ed@rotten, mode:PICK
2026-07-09 13:43:59, EXEC, v:1, k:ed@rotten, mode:FULL, rate:0, size:5
2026-07-09 13:53:00, MOVE, v:1, k:ed@rotten, mode:EDIT
2026-07-09 13:55:15, MOVE, v:1, k:ed@rotten, mode:BACK
2026-07-09 13:55:19, MOVE, v:1, k:ed@rotten, mode:PICK
2026-07-09 13:55:20, EXEC, v:1, k:ed@rotten, mode:FULL, size:27, fail:COMP
2026-07-09 13:55:21, MOVE, v:1, k:ed@rotten, mode:BACK
2026-07-09 13:55:24, MOVE, v:1, k:ed@rotten, mode:PICK
2026-07-09 13:56:54, MOVE, v:1, k:ed@rotten, mode:EDIT
2026-07-09 14:03:04, MOVE, v:1, k:ed@rotten, mode:EDIT
2026-07-09 14:04:08, MOVE, v:1, k:ed@rotten, mode:BACK
2026-07-09 14:04:20, MOVE, v:1, k:ed@rotten, mode:PICK
2026-07-09 14:04:23, EXEC, v:1, k:ed@rotten, mode:FULL, size:65, fail:COMP
2026-07-09 14:04:24, MOVE, v:1, k:ed@rotten, mode:BACK
2026-07-09 14:05:53, MOVE, v:1, k:ed@rotten, mode:PICK
2026-07-09 14:06:32, EXEC, v:1, k:ed@rotten, mode:FULL, size:72, fail:COMP
2026-07-09 14:06:26, MOVE, v:1, k:ed@rotten, mode:EDIT
2026-07-09 14:19:10, EXEC, v:1, k:ed@rotten, mode:FULL, rate:0, size:72
2026-07-09 14:19:31, MOVE, v:1, k:ed@rotten, mode:EDIT
2026-07-09 14:23:20, MOVE, v:1, k:ed@rotten, mode:BACK
2026-07-09 14:23:33, MOVE, v:1, k:ed@rotten, mode:PICK
2026-07-09 14:23:48, EXEC, v:1, k:ed@rotten, mode:FULL, rate:0, size:82
2026-07-09 14:23:46, MOVE, v:1, k:ed@rotten, mode:EDIT
2026-07-09 14:30:24, EXEC, v:1, k:ed@rotten, mode:FULL, rate:100, size:82
2026-07-09 14:30:25, MOVE, v:1, k:ed@rotten, mode:BACK
2026-07-09 14:30:33, SELF, v:1, k:ed@rotten, self:1, rate:100, concept:1, code:1
2026-07-09 14:31:09, SELF, v:1, k:ed@caminho, self:1, rate:100, concept:1, problem:1, debug:1
2026-07-09 14:31:18, SELF, v:1, k:ed@caminho, self:1, rate:100, concept:1, code:1
2026-07-09 14:31:23, SELF, v:1, k:ed@rotten, self:1, rate:100, concept:1, problem:1, debug:1
2026-07-09 14:59:06, MOVE, v:1, k:ed@bst_remove, mode:PICK
2026-07-09 14:59:29, MOVE, v:1, k:ed@bst_remove, mode:BACK
2026-07-09 14:59:38, SELF, v:1, k:ed@inverter, self:1, rate:100, study:35, concept:1, debug:1
2026-07-09 14:59:45, SELF, v:1, k:ed@bst_remove, self:1, rate:100, study:34, problem:1, debug:1, refactor:1
2026-07-09 14:59:51, SELF, v:1, k:ed@bst_serial, self:1, rate:100, study:29, concept:1, debug:1, refactor:1
2026-07-09 14:59:59, SELF, v:1, k:ed@arvore-path, self:1, rate:100, study:35, debug:1
2026-07-09 15:00:04, SELF, v:1, k:ed@compare, self:1, rate:100, study:42, debug:1, refactor:1
2026-07-09 15:00:12, SELF, v:1, k:ed@altura, self:1, rate:100, study:40, concept:1, problem:1
2026-07-09 15:00:19, SELF, v:1, k:ed@soma, self:1, rate:100, study:42, problem:1, refactor:1
