2026-05-30 14:50:14, MOVE, v:1, k:ed@padroes1, mode:DOWN
2026-05-30 14:50:15, MOVE, v:1, k:ed@padroes1, mode:PICK
2026-05-30 14:50:39, EXEC, v:1, k:ed@padroes1, mode:FULL, rate:0, size:5
2026-05-30 14:59:08, MOVE, v:1, k:ed@padroes1, mode:PICK
2026-05-30 15:03:59, MOVE, v:1, k:ed@padroes1, mode:EDIT
2026-05-30 15:38:55, MOVE, v:1, k:ed@padroes1, mode:EDIT
2026-05-30 15:47:05, MOVE, v:1, k:ed@padroes1, mode:BACK
2026-05-30 15:47:10, MOVE, v:1, k:ed@padroes1, mode:PICK
2026-05-30 15:47:11, EXEC, v:1, k:ed@padroes1, mode:FULL, size:8, fail:COMP
2026-05-30 15:47:12, MOVE, v:1, k:ed@padroes1, mode:BACK
2026-05-30 15:47:14, MOVE, v:1, k:ed@padroes1, mode:PICK
2026-05-30 18:11:12, MOVE, v:1, k:ed@padroes1, mode:PICK
2026-05-30 18:12:50, EXEC, v:1, k:ed@padroes1, mode:FULL, rate:25, size:20
2026-05-30 18:13:07, EXEC, v:1, k:ed@padroes1, mode:FULL, rate:100, size:20
2026-05-30 18:13:09, MOVE, v:1, k:ed@padroes1, mode:BACK
2026-05-30 18:13:24, SELF, v:1, k:ed@padroes1, self:1, rate:100, study:60
2026-05-30 18:13:36, MOVE, v:1, k:ed@padroes2, mode:DOWN
2026-05-30 18:13:37, MOVE, v:1, k:ed@padroes2, mode:PICK
2026-05-30 18:13:01, MOVE, v:1, k:ed@padroes1, mode:EDIT
2026-05-30 18:13:36, MOVE, v:1, k:ed@padroes2, mode:EDIT
2026-05-30 18:13:36, MOVE, v:1, k:ed@padroes2, mode:EDIT
2026-05-30 18:13:36, MOVE, v:1, k:ed@padroes2, mode:EDIT
2026-05-30 18:38:53, EXEC, v:1, k:ed@padroes2, mode:FULL, rate:0, size:5
2026-05-30 18:38:53, MOVE, v:1, k:ed@padroes2, mode:BACK
2026-05-30 18:39:22, MOVE, v:1, k:ed@padroes2, mode:PICK
2026-05-30 18:39:24, EXEC, v:1, k:ed@padroes2, mode:FULL, rate:0
2026-05-30 18:39:24, MOVE, v:1, k:ed@padroes2, mode:BACK
2026-05-30 18:39:25, MOVE, v:1, k:ed@padroes2, mode:PICK
2026-05-30 18:39:41, MOVE, v:1, k:ed@padroes2, mode:EDIT
2026-05-30 19:01:00, MOVE, v:1, k:ed@padroes2, mode:BACK
2026-05-30 19:01:19, MOVE, v:1, k:ed@padroes2, mode:PICK
2026-05-30 19:01:23, EXEC, v:1, k:ed@padroes2, mode:FULL, rate:0, size:20
2026-05-30 19:01:30, MOVE, v:1, k:ed@padroes2, mode:BACK
2026-05-30 19:02:25, MOVE, v:1, k:ed@padroes2, mode:PICK
2026-05-30 19:02:29, EXEC, v:1, k:ed@padroes2, mode:FULL, rate:0
2026-05-30 19:01:16, MOVE, v:1, k:ed@padroes2, mode:EDIT
2026-05-30 19:13:40, EXEC, v:1, k:ed@padroes2, mode:FULL, rate:0, size:20
2026-05-30 19:14:08, EXEC, v:1, k:ed@padroes2, mode:FULL, rate:100, size:20
2026-05-30 19:14:09, MOVE, v:1, k:ed@padroes2, mode:BACK
2026-05-30 19:14:19, SELF, v:1, k:ed@padroes2, self:1, rate:100, study:60
