2026-07-12 16:23:35, MOVE, v:1, k:ed@detonate, mode:DOWN
2026-07-12 16:23:36, MOVE, v:1, k:ed@detonate, mode:PICK
2026-07-12 16:23:35, MOVE, v:1, k:ed@detonate, mode:EDIT
2026-07-12 16:23:35, MOVE, v:1, k:ed@detonate, mode:EDIT
2026-07-12 16:31:18, MOVE, v:1, k:ed@detonate, mode:BACK
2026-07-12 16:31:38, SELF, v:1, k:ed@caminho, self:1, rate:100, concept:1, problem:1, debug:1
2026-07-12 16:31:49, SELF, v:1, k:ed@caminho, self:1, rate:100, concept:1, code:1
2026-07-12 16:32:36, SELF, v:1, k:ed@bst_remove, self:1, rate:100, debug:1, refactor:1
2026-07-12 16:33:00, SELF, v:1, k:ed@wordsearch, self:1, rate:100, concept:1, problem:1
2026-07-12 16:33:20, MOVE, v:1, k:ed@wordsearch, mode:PICK
2026-07-12 16:34:10, MOVE, v:1, k:ed@wordsearch, mode:BACK
2026-07-12 16:34:16, MOVE, v:1, k:ed@wordsearch, mode:DOWN
2026-07-12 16:34:17, MOVE, v:1, k:ed@wordsearch, mode:PICK
2026-07-12 16:34:16, MOVE, v:1, k:ed@wordsearch, mode:EDIT
2026-07-12 16:34:16, MOVE, v:1, k:ed@wordsearch, mode:EDIT
2026-07-12 16:37:41, MOVE, v:1, k:ed@wordsearch, mode:EDIT
2026-07-12 16:39:39, EXEC, v:1, k:ed@wordsearch, mode:FULL, size:77, fail:COMP
2026-07-12 16:41:43, MOVE, v:1, k:ed@wordsearch, mode:BACK
2026-07-12 16:41:51, MOVE, v:1, k:ed@wordsearch, mode:PICK
2026-07-12 16:41:54, EXEC, v:1, k:ed@wordsearch, mode:FULL, size:77, fail:COMP
2026-07-12 16:43:10, MOVE, v:1, k:ed@wordsearch, mode:EDIT
2026-07-12 16:45:47, EXEC, v:1, k:ed@wordsearch, mode:FULL, size:95, fail:COMP
2026-07-12 16:45:54, EXEC, v:1, k:ed@wordsearch, mode:FULL, rate:0, size:95
2026-07-12 16:46:04, EXEC, v:1, k:ed@wordsearch, mode:FULL, rate:0, size:95
2026-07-12 16:46:02, MOVE, v:1, k:ed@wordsearch, mode:EDIT
2026-07-12 17:37:21, EXEC, v:1, k:ed@wordsearch, mode:FULL, rate:0
2026-07-12 17:37:36, EXEC, v:1, k:ed@wordsearch, mode:FULL, rate:0
2026-07-12 17:37:36, MOVE, v:1, k:ed@wordsearch, mode:BACK
2026-07-12 17:37:45, MOVE, v:1, k:ed@wordsearch, mode:PICK
2026-07-12 17:38:07, EXEC, v:1, k:ed@wordsearch, mode:FULL, rate:0, size:95
2026-07-12 17:39:32, EXEC, v:1, k:ed@wordsearch, mode:FULL, rate:100, size:95
2026-07-12 17:39:33, MOVE, v:1, k:ed@wordsearch, mode:BACK
2026-07-12 17:40:10, SELF, v:1, k:ed@caminho, self:1, rate:100, concept:1, problem:1, debug:1
2026-07-12 17:40:20, SELF, v:1, k:ed@caminho, self:1, rate:100, concept:1, code:1
2026-07-12 17:40:41, SELF, v:1, k:ed@detonate, self:1, code:1
2026-07-12 17:40:46, MOVE, v:1, k:ed@detonate, mode:PICK
2026-07-12 17:39:31, MOVE, v:1, k:ed@wordsearch, mode:EDIT
2026-07-12 17:45:00, MOVE, v:1, k:ed@detonate, mode:BACK
2026-07-12 17:45:08, MOVE, v:1, k:ed@escapeSpread, mode:DOWN
2026-07-12 17:45:08, MOVE, v:1, k:ed@escapeSpread, mode:PICK
2026-07-12 17:46:13, MOVE, v:1, k:ed@escapeSpread, mode:BACK
2026-07-12 17:46:15, MOVE, v:1, k:ed@escapeSpread, mode:PICK
2026-07-12 17:47:01, MOVE, v:1, k:ed@escapeSpread, mode:BACK
2026-07-12 17:47:24, MOVE, v:1, k:ed@bufferring, mode:DOWN
2026-07-12 17:47:25, MOVE, v:1, k:ed@bufferring, mode:PICK
2026-07-12 17:45:08, MOVE, v:1, k:ed@escapeSpread, mode:EDIT
2026-07-12 17:45:08, MOVE, v:1, k:ed@escapeSpread, mode:EDIT
2026-07-12 17:47:24, MOVE, v:1, k:ed@bufferring, mode:EDIT
2026-07-12 17:47:24, MOVE, v:1, k:ed@bufferring, mode:EDIT
2026-07-12 17:52:43, MOVE, v:1, k:ed@bufferring, mode:EDIT
2026-07-12 17:55:22, EXEC, v:1, k:ed@bufferring, mode:FULL, rate:0, size:133
2026-07-12 17:57:41, MOVE, v:1, k:ed@bufferring, mode:EDIT
2026-07-12 18:00:52, EXEC, v:1, k:ed@bufferring, mode:FULL, size:151, fail:COMP
2026-07-12 18:01:25, EXEC, v:1, k:ed@bufferring, mode:FULL, size:152, fail:COMP
2026-07-12 18:01:24, MOVE, v:1, k:ed@bufferring, mode:EDIT
2026-07-12 18:07:16, EXEC, v:1, k:ed@bufferring, mode:FULL, rate:16, size:176
2026-07-12 18:07:31, EXEC, v:1, k:ed@bufferring, mode:FULL, rate:33, size:176
2026-07-12 18:07:30, MOVE, v:1, k:ed@bufferring, mode:EDIT
2026-07-12 18:11:30, EXEC, v:1, k:ed@bufferring, mode:FULL, rate:66, size:185
2026-07-12 18:11:39, EXEC, v:1, k:ed@bufferring, mode:FULL, rate:66, size:185
2026-07-12 18:12:26, MOVE, v:1, k:ed@bufferring, mode:BACK
2026-07-12 18:12:30, MOVE, v:1, k:ed@bufferring, mode:PICK
2026-07-12 18:12:24, MOVE, v:1, k:ed@bufferring, mode:EDIT
2026-07-12 18:19:34, MOVE, v:1, k:ed@bufferring, mode:BACK
2026-07-12 18:19:36, MOVE, v:1, k:ed@bufferring, mode:PICK
2026-07-12 18:19:37, MOVE, v:1, k:ed@bufferring, mode:BACK
2026-07-12 18:19:48, MOVE, v:1, k:ed@bufferring, mode:PICK
2026-07-12 18:19:49, EXEC, v:1, k:ed@bufferring, mode:FULL, size:187, fail:COMP
2026-07-12 18:22:03, EXEC, v:1, k:ed@bufferring, mode:FULL, rate:100, size:193
2026-07-12 18:22:05, MOVE, v:1, k:ed@bufferring, mode:BACK
2026-07-12 18:22:25, SELF, v:1, k:ed@bufferring, self:1, rate:100, study:50, concept:1, debug:1
2026-07-12 18:22:38, SELF, v:1, k:ed@bufferring, self:1, rate:100, study:50, concept:1, problem:1, debug:1
2026-07-12 18:23:02, SELF, v:1, k:ed@bufferring, self:1, rate:100, study:50, code:1
2026-07-12 18:23:29, SELF, v:1, k:ed@bufferring, self:1, rate:100, study:50, concept:1, problem:1, debug:1
2026-07-12 18:24:07, SELF, v:1, k:ed@bufferring, self:1, rate:100, study:50, concept:1, problem:1, debug:1
